Archive member included to satisfy reference by file (symbol)

c:/users/luisf/appdata/roaming/xpacks/@xpack-dev-tools/arm-none-eabi-gcc/9.3.1-1.4.1/.content/bin/../lib/gcc/arm-none-eabi/9.3.1/thumb/v7-m/nofp\libgcc.a(_aeabi_uldivmod.o)
                              ./Libraries/STM32F4xx_HAL_Driver/Src/stm32f4xx_hal_rcc.o (__aeabi_uldivmod)
c:/users/luisf/appdata/roaming/xpacks/@xpack-dev-tools/arm-none-eabi-gcc/9.3.1-1.4.1/.content/bin/../lib/gcc/arm-none-eabi/9.3.1/thumb/v7-m/nofp\libgcc.a(_udivmoddi4.o)
                              c:/users/luisf/appdata/roaming/xpacks/@xpack-dev-tools/arm-none-eabi-gcc/9.3.1-1.4.1/.content/bin/../lib/gcc/arm-none-eabi/9.3.1/thumb/v7-m/nofp\libgcc.a(_aeabi_uldivmod.o) (__udivmoddi4)
c:/users/luisf/appdata/roaming/xpacks/@xpack-dev-tools/arm-none-eabi-gcc/9.3.1-1.4.1/.content/bin/../lib/gcc/arm-none-eabi/9.3.1/thumb/v7-m/nofp\libgcc.a(_dvmd_tls.o)
                              c:/users/luisf/appdata/roaming/xpacks/@xpack-dev-tools/arm-none-eabi-gcc/9.3.1-1.4.1/.content/bin/../lib/gcc/arm-none-eabi/9.3.1/thumb/v7-m/nofp\libgcc.a(_aeabi_uldivmod.o) (__aeabi_ldiv0)
c:/users/luisf/appdata/roaming/xpacks/@xpack-dev-tools/arm-none-eabi-gcc/9.3.1-1.4.1/.content/bin/../lib/gcc/arm-none-eabi/9.3.1/../../../../arm-none-eabi/lib/thumb/v7-m/nofp\libg_nano.a(lib_a-errno.o)
                              ./system/src/newlib/_sbrk.o (__errno)
c:/users/luisf/appdata/roaming/xpacks/@xpack-dev-tools/arm-none-eabi-gcc/9.3.1-1.4.1/.content/bin/../lib/gcc/arm-none-eabi/9.3.1/../../../../arm-none-eabi/lib/thumb/v7-m/nofp\libg_nano.a(lib_a-exit.o)
                              c:/users/luisf/appdata/roaming/xpacks/@xpack-dev-tools/arm-none-eabi-gcc/9.3.1-1.4.1/.content/bin/../lib/gcc/arm-none-eabi/9.3.1/../../../../arm-none-eabi/lib/thumb/v7-m/nofp/crt0.o (exit)
c:/users/luisf/appdata/roaming/xpacks/@xpack-dev-tools/arm-none-eabi-gcc/9.3.1-1.4.1/.content/bin/../lib/gcc/arm-none-eabi/9.3.1/../../../../arm-none-eabi/lib/thumb/v7-m/nofp\libg_nano.a(lib_a-impure.o)
                              c:/users/luisf/appdata/roaming/xpacks/@xpack-dev-tools/arm-none-eabi-gcc/9.3.1-1.4.1/.content/bin/../lib/gcc/arm-none-eabi/9.3.1/../../../../arm-none-eabi/lib/thumb/v7-m/nofp\libg_nano.a(lib_a-exit.o) (_global_impure_ptr)
c:/users/luisf/appdata/roaming/xpacks/@xpack-dev-tools/arm-none-eabi-gcc/9.3.1-1.4.1/.content/bin/../lib/gcc/arm-none-eabi/9.3.1/../../../../arm-none-eabi/lib/thumb/v7-m/nofp\libg_nano.a(lib_a-init.o)
                              c:/users/luisf/appdata/roaming/xpacks/@xpack-dev-tools/arm-none-eabi-gcc/9.3.1-1.4.1/.content/bin/../lib/gcc/arm-none-eabi/9.3.1/../../../../arm-none-eabi/lib/thumb/v7-m/nofp/crt0.o (__libc_init_array)
c:/users/luisf/appdata/roaming/xpacks/@xpack-dev-tools/arm-none-eabi-gcc/9.3.1-1.4.1/.content/bin/../lib/gcc/arm-none-eabi/9.3.1/../../../../arm-none-eabi/lib/thumb/v7-m/nofp\libg_nano.a(lib_a-memcpy-stub.o)
                              ./FreeRTOS/Source/queue.o (memcpy)
c:/users/luisf/appdata/roaming/xpacks/@xpack-dev-tools/arm-none-eabi-gcc/9.3.1-1.4.1/.content/bin/../lib/gcc/arm-none-eabi/9.3.1/../../../../arm-none-eabi/lib/thumb/v7-m/nofp\libg_nano.a(lib_a-memset.o)
                              c:/users/luisf/appdata/roaming/xpacks/@xpack-dev-tools/arm-none-eabi-gcc/9.3.1-1.4.1/.content/bin/../lib/gcc/arm-none-eabi/9.3.1/../../../../arm-none-eabi/lib/thumb/v7-m/nofp/crt0.o (memset)
c:/users/luisf/appdata/roaming/xpacks/@xpack-dev-tools/arm-none-eabi-gcc/9.3.1-1.4.1/.content/bin/../lib/gcc/arm-none-eabi/9.3.1/../../../../arm-none-eabi/lib/thumb/v7-m/nofp\libg_nano.a(lib_a-strlen.o)
                              ./system/src/diag/Trace.o (strlen)
c:/users/luisf/appdata/roaming/xpacks/@xpack-dev-tools/arm-none-eabi-gcc/9.3.1-1.4.1/.content/bin/../lib/gcc/arm-none-eabi/9.3.1/../../../../arm-none-eabi/lib/thumb/v7-m/nofp\libg_nano.a(lib_a-vsnprintf.o)
                              ./system/src/diag/Trace.o (vsnprintf)
c:/users/luisf/appdata/roaming/xpacks/@xpack-dev-tools/arm-none-eabi-gcc/9.3.1-1.4.1/.content/bin/../lib/gcc/arm-none-eabi/9.3.1/../../../../arm-none-eabi/lib/thumb/v7-m/nofp\libg_nano.a(lib_a-nano-svfprintf.o)
                              c:/users/luisf/appdata/roaming/xpacks/@xpack-dev-tools/arm-none-eabi-gcc/9.3.1-1.4.1/.content/bin/../lib/gcc/arm-none-eabi/9.3.1/../../../../arm-none-eabi/lib/thumb/v7-m/nofp\libg_nano.a(lib_a-vsnprintf.o) (_svfprintf_r)
c:/users/luisf/appdata/roaming/xpacks/@xpack-dev-tools/arm-none-eabi-gcc/9.3.1-1.4.1/.content/bin/../lib/gcc/arm-none-eabi/9.3.1/../../../../arm-none-eabi/lib/thumb/v7-m/nofp\libg_nano.a(lib_a-nano-vfprintf_i.o)
                              c:/users/luisf/appdata/roaming/xpacks/@xpack-dev-tools/arm-none-eabi-gcc/9.3.1-1.4.1/.content/bin/../lib/gcc/arm-none-eabi/9.3.1/../../../../arm-none-eabi/lib/thumb/v7-m/nofp\libg_nano.a(lib_a-nano-svfprintf.o) (_printf_i)
[...]
Memory Configuration

Name             Origin             Length             Attributes
FLASH            0x0000000008000000 0x0000000000100000 xr
RAM              0x0000000020000000 0x0000000000020000 xrw
CCMRAM           0x0000000010000000 0x0000000000010000 rw
*default*        0x0000000000000000 0xffffffffffffffff

Linker script and memory map

LOAD c:/users/luisf/appdata/roaming/xpacks/@xpack-dev-tools/arm-none-eabi-gcc/9.3.1-1.4.1/.content/bin/../lib/gcc/arm-none-eabi/9.3.1/thumb/v7-m/nofp/crti.o
LOAD c:/users/luisf/appdata/roaming/xpacks/@xpack-dev-tools/arm-none-eabi-gcc/9.3.1-1.4.1/.content/bin/../lib/gcc/arm-none-eabi/9.3.1/thumb/v7-m/nofp/crtbegin.o
LOAD c:/users/luisf/appdata/roaming/xpacks/@xpack-dev-tools/arm-none-eabi-gcc/9.3.1-1.4.1/.content/bin/../lib/gcc/arm-none-eabi/9.3.1/../../../../arm-none-eabi/lib/thumb/v7-m/nofp/crt0.o
LOAD ./system/src/newlib/_exit.o
LOAD ./system/src/newlib/_sbrk.o
LOAD ./system/src/newlib/_startup.o
LOAD ./system/src/newlib/_syscalls.o
LOAD ./system/src/newlib/assert.o
LOAD ./system/src/diag/Trace.o
LOAD ./system/src/diag/trace_impl.o
LOAD ./Libraries/STM32F4xx_HAL_Driver/Src/stm32f4xx_hal.o
LOAD ./Libraries/STM32F4xx_HAL_Driver/Src/stm32f4xx_hal_cortex.o
LOAD ./Libraries/STM32F4xx_HAL_Driver/Src/stm32f4xx_hal_gpio.o
LOAD ./Libraries/STM32F4xx_HAL_Driver/Src/stm32f4xx_hal_rcc.o
LOAD ./Libraries/STM32F4xx_HAL_Driver/Src/stm32f4xx_hal_rcc_ex.o
LOAD ./FreeRTOS/Source/portable/GCC/MemMang/heap_2.o
LOAD ./FreeRTOS/Source/portable/GCC/ARM_CM3/port.o
LOAD ./FreeRTOS/Source/list.o
LOAD ./FreeRTOS/Source/queue.o
LOAD ./FreeRTOS/Source/tasks.o
LOAD ./FreeRTOS/Source/timers.o
LOAD ./ESFree/scheduler.o
LOAD ./sched_FreeRTOS_qemu.o
LOAD ./startup_stm32f407xx.o
LOAD ./stm32f4_discovery.o
LOAD ./system_stm32f4xx.o
START GROUP
LOAD c:/users/luisf/appdata/roaming/xpacks/@xpack-dev-tools/arm-none-eabi-gcc/9.3.1-1.4.1/.content/bin/../lib/gcc/arm-none-eabi/9.3.1/thumb/v7-m/nofp\libgcc.a
LOAD c:/users/luisf/appdata/roaming/xpacks/@xpack-dev-tools/arm-none-eabi-gcc/9.3.1-1.4.1/.content/bin/../lib/gcc/arm-none-eabi/9.3.1/../../../../arm-none-eabi/lib/thumb/v7-m/nofp\libg_nano.a
LOAD c:/users/luisf/appdata/roaming/xpacks/@xpack-dev-tools/arm-none-eabi-gcc/9.3.1-1.4.1/.content/bin/../lib/gcc/arm-none-eabi/9.3.1/../../../../arm-none-eabi/lib/thumb/v7-m/nofp\libc_nano.a
END GROUP
START GROUP
LOAD c:/users/luisf/appdata/roaming/xpacks/@xpack-dev-tools/arm-none-eabi-gcc/9.3.1-1.4.1/.content/bin/../lib/gcc/arm-none-eabi/9.3.1/thumb/v7-m/nofp\libgcc.a
LOAD c:/users/luisf/appdata/roaming/xpacks/@xpack-dev-tools/arm-none-eabi-gcc/9.3.1-1.4.1/.content/bin/../lib/gcc/arm-none-eabi/9.3.1/../../../../arm-none-eabi/lib/thumb/v7-m/nofp\libc_nano.a
END GROUP
LOAD c:/users/luisf/appdata/roaming/xpacks/@xpack-dev-tools/arm-none-eabi-gcc/9.3.1-1.4.1/.content/bin/../lib/gcc/arm-none-eabi/9.3.1/thumb/v7-m/nofp/crtend.o
LOAD c:/users/luisf/appdata/roaming/xpacks/@xpack-dev-tools/arm-none-eabi-gcc/9.3.1-1.4.1/.content/bin/../lib/gcc/arm-none-eabi/9.3.1/thumb/v7-m/nofp/crtn.o
                0x0000000000000200                _Min_Heap_Size = 0x200
                0x0000000000000400                _Min_Stack_Size = 0x400
                0x0000000020020000                __stack = (ORIGIN (RAM) + LENGTH (RAM))
                0x0000000020020000                _estack = __stack
                0x0000000000000400                __Main_Stack_Size = 0x400
                [!provide]                        PROVIDE (_Main_Stack_Size = __Main_Stack_Size)
                0x000000002001fc00                __Main_Stack_Limit = (__stack - __Main_Stack_Size)
                [!provide]                        PROVIDE (_Main_Stack_Limit = __Main_Stack_Limit)
                0x0000000020013264                PROVIDE (_Heap_Begin = _end_noinit)
                0x000000002001fc00                PROVIDE (_Heap_Limit = (__stack - __Main_Stack_Size))

.isr_vector     0x0000000008000000      0x188
                0x0000000008000000                . = ALIGN (0x4)
 *(.isr_vector)
 .isr_vector    0x0000000008000000      0x188 ./startup_stm32f407xx.o
                0x0000000008000000                g_pfnVectors
                0x0000000008000188                . = ALIGN (0x4)

.text           0x0000000008000190     0x3de0
                0x0000000008000190                . = ALIGN (0x4)
 *(.text)
 *(.text*)
 .text.__do_global_dtors_aux
                0x0000000008000190       0x24 c:/users/luisf/appdata/roaming/xpacks/@xpack-dev-tools/arm-none-eabi-gcc/9.3.1-1.4.1/.content/bin/../lib/gcc/arm-none-eabi/9.3.1/thumb/v7-m/nofp/crtbegin.o
 .text.frame_dummy
                0x00000000080001b4       0x1c c:/users/luisf/appdata/roaming/xpacks/@xpack-dev-tools/arm-none-eabi-gcc/9.3.1-1.4.1/.content/bin/../lib/gcc/arm-none-eabi/9.3.1/thumb/v7-m/nofp/crtbegin.o
 .text._sbrk    0x00000000080001d0       0x68 ./system/src/newlib/_sbrk.o
                0x00000000080001d0                _sbrk
 .text.trace_printf
                0x0000000008000238       0x44 ./system/src/diag/Trace.o
                0x0000000008000238                trace_printf
 .text.trace_write
                0x000000000800027c       0x1c ./system/src/diag/trace_impl.o
                0x000000000800027c                trace_write
 .text._trace_write_semihosting_debug
                0x0000000008000298       0xaa ./system/src/diag/trace_impl.o
 *fill*         0x0000000008000342        0x2 
 .text.HAL_GPIO_Init
                0x0000000008000344      0x334 ./Libraries/STM32F4xx_HAL_Driver/Src/stm32f4xx_hal_gpio.o
                0x0000000008000344                HAL_GPIO_Init
 .text.HAL_GPIO_WritePin
                0x0000000008000678       0x30 ./Libraries/STM32F4xx_HAL_Driver/Src/stm32f4xx_hal_gpio.o
                0x0000000008000678                HAL_GPIO_WritePin
 .text.HAL_GPIO_TogglePin
                0x00000000080006a8       0x34 ./Libraries/STM32F4xx_HAL_Driver/Src/stm32f4xx_hal_gpio.o
                0x00000000080006a8                HAL_GPIO_TogglePin
 .text.pvPortMalloc
                0x00000000080006dc      0x11c ./FreeRTOS/Source/portable/GCC/MemMang/heap_2.o
                0x00000000080006dc                pvPortMalloc
 .text.vPortFree
                0x00000000080007f8       0x74 ./FreeRTOS/Source/portable/GCC/MemMang/heap_2.o
                0x00000000080007f8                vPortFree
 .text.prvHeapInit
                0x000000000800086c       0x50 ./FreeRTOS/Source/portable/GCC/MemMang/heap_2.o
 .text.pxPortInitialiseStack
                0x00000000080008bc       0x58 ./FreeRTOS/Source/portable/GCC/ARM_CM3/port.o
                0x00000000080008bc                pxPortInitialiseStack
 .text.prvTaskExitError
                0x0000000008000914       0x58 ./FreeRTOS/Source/portable/GCC/ARM_CM3/port.o
 *fill*         0x000000000800096c        0x4 
 .text.SVC_Handler
                0x0000000008000970       0x28 ./FreeRTOS/Source/portable/GCC/ARM_CM3/port.o
                0x0000000008000970                SVC_Handler
 .text.prvPortStartFirstTask
                0x0000000008000998       0x24 ./FreeRTOS/Source/portable/GCC/ARM_CM3/port.o
 .text.xPortStartScheduler
                0x00000000080009bc      0x104 ./FreeRTOS/Source/portable/GCC/ARM_CM3/port.o
                0x00000000080009bc                xPortStartScheduler
 .text.vPortEnterCritical
                0x0000000008000ac0       0x60 ./FreeRTOS/Source/portable/GCC/ARM_CM3/port.o
                0x0000000008000ac0                vPortEnterCritical
 .text.vPortExitCritical
                0x0000000008000b20       0x50 ./FreeRTOS/Source/portable/GCC/ARM_CM3/port.o
                0x0000000008000b20                vPortExitCritical
 .text.PendSV_Handler
                0x0000000008000b70       0x48 ./FreeRTOS/Source/portable/GCC/ARM_CM3/port.o
                0x0000000008000b70                PendSV_Handler
 .text.SysTick_Handler
                0x0000000008000bb8       0x44 ./FreeRTOS/Source/portable/GCC/ARM_CM3/port.o
                0x0000000008000bb8                SysTick_Handler
 .text.vPortSetupTimerInterrupt
                0x0000000008000bfc       0x44 ./FreeRTOS/Source/portable/GCC/ARM_CM3/port.o
                0x0000000008000bfc                vPortSetupTimerInterrupt
 .text.vPortValidateInterruptPriority
                0x0000000008000c40       0x7c ./FreeRTOS/Source/portable/GCC/ARM_CM3/port.o
                0x0000000008000c40                vPortValidateInterruptPriority
 .text.vListInitialise
                0x0000000008000cbc       0x3e ./FreeRTOS/Source/list.o
                0x0000000008000cbc                vListInitialise
 .text.vListInitialiseItem
                0x0000000008000cfa       0x18 ./FreeRTOS/Source/list.o
                0x0000000008000cfa                vListInitialiseItem
 .text.vListInsertEnd
                0x0000000008000d12       0x46 ./FreeRTOS/Source/list.o
                0x0000000008000d12                vListInsertEnd
 .text.vListInsert
                0x0000000008000d58       0x70 ./FreeRTOS/Source/list.o
                0x0000000008000d58                vListInsert
 .text.uxListRemove
                0x0000000008000dc8       0x52 ./FreeRTOS/Source/list.o
                0x0000000008000dc8                uxListRemove
 *fill*         0x0000000008000e1a        0x2 
 .text.xQueueGenericReset
                0x0000000008000e1c       0xd0 ./FreeRTOS/Source/queue.o
                0x0000000008000e1c                xQueueGenericReset
 .text.xQueueGenericCreate
                0x0000000008000eec       0xa0 ./FreeRTOS/Source/queue.o
                0x0000000008000eec                xQueueGenericCreate
 .text.prvInitialiseNewQueue
                0x0000000008000f8c       0x46 ./FreeRTOS/Source/queue.o
 *fill*         0x0000000008000fd2        0x2 
 .text.xQueueGenericSend
                0x0000000008000fd4      0x1fc ./FreeRTOS/Source/queue.o
                0x0000000008000fd4                xQueueGenericSend
 .text.xQueueGenericSendFromISR
                0x00000000080011d0      0x154 ./FreeRTOS/Source/queue.o
                0x00000000080011d0                xQueueGenericSendFromISR
 .text.xQueueReceive
                0x0000000008001324      0x1c0 ./FreeRTOS/Source/queue.o
                0x0000000008001324                xQueueReceive
 .text.prvCopyDataToQueue
                0x00000000080014e4       0xd4 ./FreeRTOS/Source/queue.o
 .text.prvCopyDataFromQueue
                0x00000000080015b8       0x4c ./FreeRTOS/Source/queue.o
 .text.prvUnlockQueue
                0x0000000008001604       0xa4 ./FreeRTOS/Source/queue.o
 .text.prvIsQueueEmpty
                0x00000000080016a8       0x2c ./FreeRTOS/Source/queue.o
 .text.prvIsQueueFull
                0x00000000080016d4       0x30 ./FreeRTOS/Source/queue.o
 .text.vQueueAddToRegistry
                0x0000000008001704       0x50 ./FreeRTOS/Source/queue.o
                0x0000000008001704                vQueueAddToRegistry
 .text.vQueueWaitForMessageRestricted
                0x0000000008001754       0x68 ./FreeRTOS/Source/queue.o
                0x0000000008001754                vQueueWaitForMessageRestricted
 .text.xTaskCreate
                0x00000000080017bc       0x82 ./FreeRTOS/Source/tasks.o
                0x00000000080017bc                xTaskCreate
 .text.prvInitialiseNewTask
                0x000000000800183e      0x13e ./FreeRTOS/Source/tasks.o
 .text.prvAddNewTaskToReadyList
                0x000000000800197c       0xe0 ./FreeRTOS/Source/tasks.o
 .text.vTaskDelayUntil
                0x0000000008001a5c       0xfc ./FreeRTOS/Source/tasks.o
                0x0000000008001a5c                vTaskDelayUntil
 .text.vTaskStartScheduler
                0x0000000008001b58       0x9c ./FreeRTOS/Source/tasks.o
                0x0000000008001b58                vTaskStartScheduler
 .text.vTaskSuspendAll
                0x0000000008001bf4       0x1c ./FreeRTOS/Source/tasks.o
                0x0000000008001bf4                vTaskSuspendAll
 .text.xTaskResumeAll
                0x0000000008001c10      0x13c ./FreeRTOS/Source/tasks.o
                0x0000000008001c10                xTaskResumeAll
 .text.xTaskGetTickCount
                0x0000000008001d4c       0x1c ./FreeRTOS/Source/tasks.o
                0x0000000008001d4c                xTaskGetTickCount
 .text.pcTaskGetName
                0x0000000008001d68       0x48 ./FreeRTOS/Source/tasks.o
                0x0000000008001d68                pcTaskGetName
 .text.xTaskIncrementTick
                0x0000000008001db0      0x158 ./FreeRTOS/Source/tasks.o
                0x0000000008001db0                xTaskIncrementTick
 .text.vTaskSwitchContext
                0x0000000008001f08       0xb8 ./FreeRTOS/Source/tasks.o
                0x0000000008001f08                vTaskSwitchContext
 .text.vTaskPlaceOnEventList
                0x0000000008001fc0       0x48 ./FreeRTOS/Source/tasks.o
                0x0000000008001fc0                vTaskPlaceOnEventList
 .text.vTaskPlaceOnEventListRestricted
                0x0000000008002008       0x58 ./FreeRTOS/Source/tasks.o
                0x0000000008002008                vTaskPlaceOnEventListRestricted
 .text.xTaskRemoveFromEventList
                0x0000000008002060       0xc8 ./FreeRTOS/Source/tasks.o
                0x0000000008002060                xTaskRemoveFromEventList
 .text.vTaskInternalSetTimeOutState
                0x0000000008002128       0x2c ./FreeRTOS/Source/tasks.o
                0x0000000008002128                vTaskInternalSetTimeOutState
 .text.xTaskCheckForTimeOut
                0x0000000008002154       0xcc ./FreeRTOS/Source/tasks.o
                0x0000000008002154                xTaskCheckForTimeOut
 .text.vTaskMissedYield
                0x0000000008002220       0x18 ./FreeRTOS/Source/tasks.o
                0x0000000008002220                vTaskMissedYield
 .text.prvIdleTask
                0x0000000008002238       0x30 ./FreeRTOS/Source/tasks.o
 .text.vTaskSetThreadLocalStoragePointer
                0x0000000008002268       0x5c ./FreeRTOS/Source/tasks.o
                0x0000000008002268                vTaskSetThreadLocalStoragePointer
 .text.pvTaskGetThreadLocalStoragePointer
                0x00000000080022c4       0x48 ./FreeRTOS/Source/tasks.o
                0x00000000080022c4                pvTaskGetThreadLocalStoragePointer
 .text.prvInitialiseTaskLists
                0x000000000800230c       0x80 ./FreeRTOS/Source/tasks.o
 .text.prvCheckTasksWaitingTermination
                0x000000000800238c       0x5c ./FreeRTOS/Source/tasks.o
 .text.prvDeleteTCB
                0x00000000080023e8       0x20 ./FreeRTOS/Source/tasks.o
 .text.prvResetNextTaskUnblockTime
                0x0000000008002408       0x34 ./FreeRTOS/Source/tasks.o
 .text.xTaskGetCurrentTaskHandle
                0x000000000800243c       0x1c ./FreeRTOS/Source/tasks.o
                0x000000000800243c                xTaskGetCurrentTaskHandle
 .text.xTaskGetSchedulerState
                0x0000000008002458       0x3c ./FreeRTOS/Source/tasks.o
                0x0000000008002458                xTaskGetSchedulerState
 .text.xTaskPriorityDisinherit
                0x0000000008002494       0xdc ./FreeRTOS/Source/tasks.o
                0x0000000008002494                xTaskPriorityDisinherit
 .text.ulTaskGenericNotifyTake
                0x0000000008002570       0xd0 ./FreeRTOS/Source/tasks.o
                0x0000000008002570                ulTaskGenericNotifyTake
 .text.prvAddCurrentTaskToDelayedList
                0x0000000008002640       0xa8 ./FreeRTOS/Source/tasks.o
 .text.xTimerCreateTimerTask
                0x00000000080026e8       0x64 ./FreeRTOS/Source/timers.o
                0x00000000080026e8                xTimerCreateTimerTask
 .text.xTimerGenericCommand
                0x000000000800274c       0x9c ./FreeRTOS/Source/timers.o
                0x000000000800274c                xTimerGenericCommand
 .text.prvProcessExpiredTimer
                0x00000000080027e8       0x98 ./FreeRTOS/Source/timers.o
 .text.prvTimerTask
                0x0000000008002880       0x24 ./FreeRTOS/Source/timers.o
 .text.prvProcessTimerOrBlockTask
                0x00000000080028a4       0x9c ./FreeRTOS/Source/timers.o
 .text.prvGetNextExpireTime
                0x0000000008002940       0x44 ./FreeRTOS/Source/timers.o
 .text.prvSampleTimeNow
                0x0000000008002984       0x40 ./FreeRTOS/Source/timers.o
 .text.prvInsertTimerInActiveList
                0x00000000080029c4       0x84 ./FreeRTOS/Source/timers.o
 .text.prvProcessReceivedCommands
                0x0000000008002a48      0x18c ./FreeRTOS/Source/timers.o
 .text.prvSwitchTimerLists
                0x0000000008002bd4       0xc8 ./FreeRTOS/Source/timers.o
 .text.prvCheckForValidListAndQueue
                0x0000000008002c9c       0x6c ./FreeRTOS/Source/timers.o
 .text.prvInitTCBArray
                0x0000000008002d08       0x3c ./ESFree/scheduler.o
 .text.prvFindEmptyElementIndexTCB
                0x0000000008002d44       0x44 ./ESFree/scheduler.o
 .text.prvPeriodicTaskCode
                0x0000000008002d88       0x90 ./ESFree/scheduler.o
 .text.vSchedulerPeriodicTaskCreate
                0x0000000008002e18       0xe8 ./ESFree/scheduler.o
                0x0000000008002e18                vSchedulerPeriodicTaskCreate
 .text.prvCreateAllTasks
                0x0000000008002f00       0xac ./ESFree/scheduler.o
 .text.prvSetFixedPriorities
                0x0000000008002fac       0xe0 ./ESFree/scheduler.o
 .text.prvSchedulerFunction
                0x000000000800308c       0x12 ./ESFree/scheduler.o
 *fill*         0x000000000800309e        0x2 
 .text.prvCreateSchedulerTask
                0x00000000080030a0       0x30 ./ESFree/scheduler.o
 .text.prvGetNextAperiodicJob
                0x00000000080030d0       0x98 ./ESFree/scheduler.o
 .text.prvGetNextSporadicJob
                0x0000000008003168       0x54 ./ESFree/scheduler.o
 .text.prvPollingServerFunction
                0x00000000080031bc       0xa8 ./ESFree/scheduler.o
 .text.prvPollingServerCreate
                0x0000000008003264       0xdc ./ESFree/scheduler.o
                0x0000000008003264                prvPollingServerCreate
 .text.vSchedulerInit
                0x0000000008003340        0xc ./ESFree/scheduler.o
                0x0000000008003340                vSchedulerInit
 .text.vSchedulerStart
                0x000000000800334c       0x2c ./ESFree/scheduler.o
                0x000000000800334c                vSchedulerStart
 .text.vBlink   0x0000000008003378       0x30 ./sched_FreeRTOS_qemu.o
                0x0000000008003378                vBlink
 .text.main     0x00000000080033a8       0xd0 ./sched_FreeRTOS_qemu.o
                0x00000000080033a8                main
 .text.Reset_Handler
                0x0000000008003478       0x50 ./startup_stm32f407xx.o
                0x0000000008003478                Reset_Handler
 .text.Default_Handler
                0x00000000080034c8        0x2 ./startup_stm32f407xx.o
                0x00000000080034c8                RTC_Alarm_IRQHandler
                0x00000000080034c8                HASH_RNG_IRQHandler
                0x00000000080034c8                EXTI2_IRQHandler
                0x00000000080034c8                TIM8_CC_IRQHandler
                0x00000000080034c8                DebugMon_Handler
                0x00000000080034c8                TIM1_CC_IRQHandler
                0x00000000080034c8                DMA2_Stream5_IRQHandler
                0x00000000080034c8                HardFault_Handler
                0x00000000080034c8                DMA1_Stream5_IRQHandler
                0x00000000080034c8                PVD_IRQHandler
                0x00000000080034c8                SDIO_IRQHandler
                0x00000000080034c8                TAMP_STAMP_IRQHandler
                0x00000000080034c8                NMI_Handler
                0x00000000080034c8                CAN2_RX1_IRQHandler
                0x00000000080034c8                EXTI3_IRQHandler
                0x00000000080034c8                TIM8_TRG_COM_TIM14_IRQHandler
                0x00000000080034c8                TIM1_UP_TIM10_IRQHandler
                0x00000000080034c8                TIM8_UP_TIM13_IRQHandler
                0x00000000080034c8                I2C3_ER_IRQHandler
                0x00000000080034c8                EXTI0_IRQHandler
                0x00000000080034c8                I2C2_EV_IRQHandler
                0x00000000080034c8                DMA1_Stream2_IRQHandler
                0x00000000080034c8                CAN1_RX0_IRQHandler
                0x00000000080034c8                FPU_IRQHandler
                0x00000000080034c8                OTG_HS_WKUP_IRQHandler
                0x00000000080034c8                UsageFault_Handler
                0x00000000080034c8                CAN2_SCE_IRQHandler
                0x00000000080034c8                DMA2_Stream2_IRQHandler
                0x00000000080034c8                SPI1_IRQHandler
                0x00000000080034c8                TIM6_DAC_IRQHandler
                0x00000000080034c8                TIM1_BRK_TIM9_IRQHandler
                0x00000000080034c8                DCMI_IRQHandler
                0x00000000080034c8                CAN2_RX0_IRQHandler
                0x00000000080034c8                DMA2_Stream3_IRQHandler
                0x00000000080034c8                USART6_IRQHandler
                0x00000000080034c8                USART3_IRQHandler
                0x00000000080034c8                CAN1_RX1_IRQHandler
                0x00000000080034c8                UART5_IRQHandler
                0x00000000080034c8                DMA2_Stream0_IRQHandler
                0x00000000080034c8                TIM4_IRQHandler
                0x00000000080034c8                I2C1_EV_IRQHandler
                0x00000000080034c8                DMA1_Stream6_IRQHandler
                0x00000000080034c8                DMA1_Stream1_IRQHandler
                0x00000000080034c8                UART4_IRQHandler
                0x00000000080034c8                TIM3_IRQHandler
                0x00000000080034c8                RCC_IRQHandler
                0x00000000080034c8                TIM8_BRK_TIM12_IRQHandler
                0x00000000080034c8                Default_Handler
                0x00000000080034c8                EXTI15_10_IRQHandler
                0x00000000080034c8                ADC_IRQHandler
                0x00000000080034c8                DMA1_Stream7_IRQHandler
                0x00000000080034c8                TIM7_IRQHandler
                0x00000000080034c8                CAN2_TX_IRQHandler
                0x00000000080034c8                TIM5_IRQHandler
                0x00000000080034c8                DMA2_Stream7_IRQHandler
                0x00000000080034c8                I2C3_EV_IRQHandler
                0x00000000080034c8                EXTI9_5_IRQHandler
                0x00000000080034c8                RTC_WKUP_IRQHandler
                0x00000000080034c8                ETH_WKUP_IRQHandler
                0x00000000080034c8                SPI2_IRQHandler
                0x00000000080034c8                OTG_HS_EP1_IN_IRQHandler
                0x00000000080034c8                MemManage_Handler
                0x00000000080034c8                DMA1_Stream0_IRQHandler
                0x00000000080034c8                CAN1_TX_IRQHandler
                0x00000000080034c8                EXTI4_IRQHandler
                0x00000000080034c8                FSMC_IRQHandler
                0x00000000080034c8                ETH_IRQHandler
                0x00000000080034c8                OTG_HS_EP1_OUT_IRQHandler
                0x00000000080034c8                WWDG_IRQHandler
                0x00000000080034c8                TIM2_IRQHandler
                0x00000000080034c8                OTG_FS_WKUP_IRQHandler
                0x00000000080034c8                TIM1_TRG_COM_TIM11_IRQHandler
                0x00000000080034c8                OTG_HS_IRQHandler
                0x00000000080034c8                EXTI1_IRQHandler
                0x00000000080034c8                USART2_IRQHandler
                0x00000000080034c8                I2C2_ER_IRQHandler
                0x00000000080034c8                DMA2_Stream1_IRQHandler
                0x00000000080034c8                CAN1_SCE_IRQHandler
                0x00000000080034c8                FLASH_IRQHandler
                0x00000000080034c8                DMA2_Stream4_IRQHandler
                0x00000000080034c8                BusFault_Handler
                0x00000000080034c8                USART1_IRQHandler
                0x00000000080034c8                OTG_FS_IRQHandler
                0x00000000080034c8                SPI3_IRQHandler
                0x00000000080034c8                DMA1_Stream4_IRQHandler
                0x00000000080034c8                I2C1_ER_IRQHandler
                0x00000000080034c8                DMA2_Stream6_IRQHandler
                0x00000000080034c8                DMA1_Stream3_IRQHandler
 *fill*         0x00000000080034ca        0x2 
 .text.BSP_LED_Init
                0x00000000080034cc       0xf0 ./stm32f4_discovery.o
                0x00000000080034cc                BSP_LED_Init
 .text.BSP_LED_Toggle
                0x00000000080035bc       0x34 ./stm32f4_discovery.o
                0x00000000080035bc                BSP_LED_Toggle
 .text.SystemInit
                0x00000000080035f0       0x5c ./system_stm32f4xx.o
                0x00000000080035f0                SystemInit
 .text.__errno  0x000000000800364c        0xc c:/users/luisf/appdata/roaming/xpacks/@xpack-dev-tools/arm-none-eabi-gcc/9.3.1-1.4.1/.content/bin/../lib/gcc/arm-none-eabi/9.3.1/../../../../arm-none-eabi/lib/thumb/v7-m/nofp\libg_nano.a(lib_a-errno.o)
                0x000000000800364c                __errno
 .text.__libc_init_array
                0x0000000008003658       0x48 c:/users/luisf/appdata/roaming/xpacks/@xpack-dev-tools/arm-none-eabi-gcc/9.3.1-1.4.1/.content/bin/../lib/gcc/arm-none-eabi/9.3.1/../../../../arm-none-eabi/lib/thumb/v7-m/nofp\libg_nano.a(lib_a-init.o)
                0x0000000008003658                __libc_init_array
 .text.memcpy   0x00000000080036a0       0x1c c:/users/luisf/appdata/roaming/xpacks/@xpack-dev-tools/arm-none-eabi-gcc/9.3.1-1.4.1/.content/bin/../lib/gcc/arm-none-eabi/9.3.1/../../../../arm-none-eabi/lib/thumb/v7-m/nofp\libg_nano.a(lib_a-memcpy-stub.o)
                0x00000000080036a0                memcpy
 .text.memset   0x00000000080036bc       0x10 c:/users/luisf/appdata/roaming/xpacks/@xpack-dev-tools/arm-none-eabi-gcc/9.3.1-1.4.1/.content/bin/../lib/gcc/arm-none-eabi/9.3.1/../../../../arm-none-eabi/lib/thumb/v7-m/nofp\libg_nano.a(lib_a-memset.o)
                0x00000000080036bc                memset
 .text._vsnprintf_r
                0x00000000080036cc       0x58 c:/users/luisf/appdata/roaming/xpacks/@xpack-dev-tools/arm-none-eabi-gcc/9.3.1-1.4.1/.content/bin/../lib/gcc/arm-none-eabi/9.3.1/../../../../arm-none-eabi/lib/thumb/v7-m/nofp\libg_nano.a(lib_a-vsnprintf.o)
                0x00000000080036cc                _vsniprintf_r
                0x00000000080036cc                _vsnprintf_r
 .text.vsnprintf
                0x0000000008003724       0x1c c:/users/luisf/appdata/roaming/xpacks/@xpack-dev-tools/arm-none-eabi-gcc/9.3.1-1.4.1/.content/bin/../lib/gcc/arm-none-eabi/9.3.1/../../../../arm-none-eabi/lib/thumb/v7-m/nofp\libg_nano.a(lib_a-vsnprintf.o)
                0x0000000008003724                vsniprintf
                0x0000000008003724                vsnprintf
 .text.__ssputs_r
                0x0000000008003740       0xb6 c:/users/luisf/appdata/roaming/xpacks/@xpack-dev-tools/arm-none-eabi-gcc/9.3.1-1.4.1/.content/bin/../lib/gcc/arm-none-eabi/9.3.1/../../../../arm-none-eabi/lib/thumb/v7-m/nofp\libg_nano.a(lib_a-nano-svfprintf.o)
                0x0000000008003740                __ssputs_r
 *fill*         0x00000000080037f6        0x2 
 .text._svfprintf_r
                0x00000000080037f8      0x200 c:/users/luisf/appdata/roaming/xpacks/@xpack-dev-tools/arm-none-eabi-gcc/9.3.1-1.4.1/.content/bin/../lib/gcc/arm-none-eabi/9.3.1/../../../../arm-none-eabi/lib/thumb/v7-m/nofp\libg_nano.a(lib_a-nano-svfprintf.o)
                0x00000000080037f8                _svfiprintf_r
                0x00000000080037f8                _svfprintf_r
 .text._printf_common
                0x00000000080039f8       0xde c:/users/luisf/appdata/roaming/xpacks/@xpack-dev-tools/arm-none-eabi-gcc/9.3.1-1.4.1/.content/bin/../lib/gcc/arm-none-eabi/9.3.1/../../../../arm-none-eabi/lib/thumb/v7-m/nofp\libg_nano.a(lib_a-nano-vfprintf_i.o)
                0x00000000080039f8                _printf_common
 *fill*         0x0000000008003ad6        0x2 
 .text._printf_i
                0x0000000008003ad8      0x24c c:/users/luisf/appdata/roaming/xpacks/@xpack-dev-tools/arm-none-eabi-gcc/9.3.1-1.4.1/.content/bin/../lib/gcc/arm-none-eabi/9.3.1/../../../../arm-none-eabi/lib/thumb/v7-m/nofp\libg_nano.a(lib_a-nano-vfprintf_i.o)
                0x0000000008003ad8                _printf_i
 .text.memchr   0x0000000008003d24       0x1c c:/users/luisf/appdata/roaming/xpacks/@xpack-dev-tools/arm-none-eabi-gcc/9.3.1-1.4.1/.content/bin/../lib/gcc/arm-none-eabi/9.3.1/../../../../arm-none-eabi/lib/thumb/v7-m/nofp\libg_nano.a(lib_a-memchr-stub.o)
                0x0000000008003d24                memchr
 .text.memmove  0x0000000008003d40       0x34 c:/users/luisf/appdata/roaming/xpacks/@xpack-dev-tools/arm-none-eabi-gcc/9.3.1-1.4.1/.content/bin/../lib/gcc/arm-none-eabi/9.3.1/../../../../arm-none-eabi/lib/thumb/v7-m/nofp\libg_nano.a(lib_a-memmove.o)
                0x0000000008003d40                memmove
 .text._free_r  0x0000000008003d74       0x98 c:/users/luisf/appdata/roaming/xpacks/@xpack-dev-tools/arm-none-eabi-gcc/9.3.1-1.4.1/.content/bin/../lib/gcc/arm-none-eabi/9.3.1/../../../../arm-none-eabi/lib/thumb/v7-m/nofp\libg_nano.a(lib_a-nano-freer.o)
                0x0000000008003d74                _free_r
 .text._malloc_r
                0x0000000008003e0c       0xb4 c:/users/luisf/appdata/roaming/xpacks/@xpack-dev-tools/arm-none-eabi-gcc/9.3.1-1.4.1/.content/bin/../lib/gcc/arm-none-eabi/9.3.1/../../../../arm-none-eabi/lib/thumb/v7-m/nofp\libg_nano.a(lib_a-nano-mallocr.o)
                0x0000000008003e0c                _malloc_r
 .text._realloc_r
                0x0000000008003ec0       0x4c c:/users/luisf/appdata/roaming/xpacks/@xpack-dev-tools/arm-none-eabi-gcc/9.3.1-1.4.1/.content/bin/../lib/gcc/arm-none-eabi/9.3.1/../../../../arm-none-eabi/lib/thumb/v7-m/nofp\libg_nano.a(lib_a-nano-reallocr.o)
                0x0000000008003ec0                _realloc_r
 .text._sbrk_r  0x0000000008003f0c       0x20 c:/users/luisf/appdata/roaming/xpacks/@xpack-dev-tools/arm-none-eabi-gcc/9.3.1-1.4.1/.content/bin/../lib/gcc/arm-none-eabi/9.3.1/../../../../arm-none-eabi/lib/thumb/v7-m/nofp\libg_nano.a(lib_a-sbrkr.o)
                0x0000000008003f0c                _sbrk_r
 .text.__malloc_lock
                0x0000000008003f2c        0xc c:/users/luisf/appdata/roaming/xpacks/@xpack-dev-tools/arm-none-eabi-gcc/9.3.1-1.4.1/.content/bin/../lib/gcc/arm-none-eabi/9.3.1/../../../../arm-none-eabi/lib/thumb/v7-m/nofp\libg_nano.a(lib_a-mlock.o)
                0x0000000008003f2c                __malloc_lock
 .text.__malloc_unlock
                0x0000000008003f38        0xc c:/users/luisf/appdata/roaming/xpacks/@xpack-dev-tools/arm-none-eabi-gcc/9.3.1-1.4.1/.content/bin/../lib/gcc/arm-none-eabi/9.3.1/../../../../arm-none-eabi/lib/thumb/v7-m/nofp\libg_nano.a(lib_a-mlock.o)
                0x0000000008003f38                __malloc_unlock
 .text._malloc_usable_size_r
                0x0000000008003f44       0x10 c:/users/luisf/appdata/roaming/xpacks/@xpack-dev-tools/arm-none-eabi-gcc/9.3.1-1.4.1/.content/bin/../lib/gcc/arm-none-eabi/9.3.1/../../../../arm-none-eabi/lib/thumb/v7-m/nofp\libg_nano.a(lib_a-nano-msizer.o)
                0x0000000008003f44                _malloc_usable_size_r
 .text.__retarget_lock_acquire_recursive
                0x0000000008003f54        0x2 c:/users/luisf/appdata/roaming/xpacks/@xpack-dev-tools/arm-none-eabi-gcc/9.3.1-1.4.1/.content/bin/../lib/gcc/arm-none-eabi/9.3.1/../../../../arm-none-eabi/lib/thumb/v7-m/nofp\libg_nano.a(lib_a-lock.o)
                0x0000000008003f54                __retarget_lock_acquire_recursive
 .text.__retarget_lock_release_recursive
                0x0000000008003f56        0x2 c:/users/luisf/appdata/roaming/xpacks/@xpack-dev-tools/arm-none-eabi-gcc/9.3.1-1.4.1/.content/bin/../lib/gcc/arm-none-eabi/9.3.1/../../../../arm-none-eabi/lib/thumb/v7-m/nofp\libg_nano.a(lib_a-lock.o)
                0x0000000008003f56                __retarget_lock_release_recursive
 *(.glue_7)
 .glue_7        0x0000000008003f58        0x0 linker stubs
 *(.glue_7t)
 .glue_7t       0x0000000008003f58        0x0 linker stubs
 *(.eh_frame)
 .eh_frame      0x0000000008003f58        0x0 c:/users/luisf/appdata/roaming/xpacks/@xpack-dev-tools/arm-none-eabi-gcc/9.3.1-1.4.1/.content/bin/../lib/gcc/arm-none-eabi/9.3.1/thumb/v7-m/nofp/crtbegin.o
 *(.init)
 .init          0x0000000008003f58        0x4 c:/users/luisf/appdata/roaming/xpacks/@xpack-dev-tools/arm-none-eabi-gcc/9.3.1-1.4.1/.content/bin/../lib/gcc/arm-none-eabi/9.3.1/thumb/v7-m/nofp/crti.o
                0x0000000008003f58                _init
 .init          0x0000000008003f5c        0x8 c:/users/luisf/appdata/roaming/xpacks/@xpack-dev-tools/arm-none-eabi-gcc/9.3.1-1.4.1/.content/bin/../lib/gcc/arm-none-eabi/9.3.1/thumb/v7-m/nofp/crtn.o
 *(.fini)
 .fini          0x0000000008003f64        0x4 c:/users/luisf/appdata/roaming/xpacks/@xpack-dev-tools/arm-none-eabi-gcc/9.3.1-1.4.1/.content/bin/../lib/gcc/arm-none-eabi/9.3.1/thumb/v7-m/nofp/crti.o
                0x0000000008003f64                _fini
 .fini          0x0000000008003f68        0x8 c:/users/luisf/appdata/roaming/xpacks/@xpack-dev-tools/arm-none-eabi-gcc/9.3.1-1.4.1/.content/bin/../lib/gcc/arm-none-eabi/9.3.1/thumb/v7-m/nofp/crtn.o
                0x0000000008003f70                . = ALIGN (0x4)
                0x0000000008003f70                _etext = .

.vfp11_veneer   0x0000000008003f70        0x0
 .vfp11_veneer  0x0000000008003f70        0x0 linker stubs

.v4_bx          0x0000000008003f70        0x0
 .v4_bx         0x0000000008003f70        0x0 linker stubs

.iplt           0x0000000008003f70        0x0
 .iplt          0x0000000008003f70        0x0 c:/users/luisf/appdata/roaming/xpacks/@xpack-dev-tools/arm-none-eabi-gcc/9.3.1-1.4.1/.content/bin/../lib/gcc/arm-none-eabi/9.3.1/thumb/v7-m/nofp/crtbegin.o

.rodata         0x0000000008003f70       0x80
                0x0000000008003f70                . = ALIGN (0x4)
 *(.rodata)
 .rodata        0x0000000008003f70        0x5 ./FreeRTOS/Source/tasks.o
 *fill*         0x0000000008003f75        0x3 
 .rodata        0x0000000008003f78        0xd ./FreeRTOS/Source/timers.o
 *fill*         0x0000000008003f85        0x3 
 .rodata        0x0000000008003f88        0xf ./ESFree/scheduler.o
 *fill*         0x0000000008003f97        0x1 
 .rodata        0x0000000008003f98       0x1a ./sched_FreeRTOS_qemu.o
 *(.rodata*)
 *fill*         0x0000000008003fb2        0x2 
 .rodata.GPIO_PIN
                0x0000000008003fb4        0x8 ./stm32f4_discovery.o
                0x0000000008003fb4                GPIO_PIN
 .rodata._svfprintf_r.str1.1
                0x0000000008003fbc       0x11 c:/users/luisf/appdata/roaming/xpacks/@xpack-dev-tools/arm-none-eabi-gcc/9.3.1-1.4.1/.content/bin/../lib/gcc/arm-none-eabi/9.3.1/../../../../arm-none-eabi/lib/thumb/v7-m/nofp\libg_nano.a(lib_a-nano-svfprintf.o)
 .rodata._printf_i.str1.1
                0x0000000008003fcd       0x22 c:/users/luisf/appdata/roaming/xpacks/@xpack-dev-tools/arm-none-eabi-gcc/9.3.1-1.4.1/.content/bin/../lib/gcc/arm-none-eabi/9.3.1/../../../../arm-none-eabi/lib/thumb/v7-m/nofp\libg_nano.a(lib_a-nano-vfprintf_i.o)
                0x0000000008003ff0                . = ALIGN (0x4)
 *fill*         0x0000000008003fef        0x1 

.rel.dyn        0x0000000008003ff0        0x0
 .rel.iplt      0x0000000008003ff0        0x0 c:/users/luisf/appdata/roaming/xpacks/@xpack-dev-tools/arm-none-eabi-gcc/9.3.1-1.4.1/.content/bin/../lib/gcc/arm-none-eabi/9.3.1/thumb/v7-m/nofp/crtbegin.o

.ARM.extab
 *(.ARM.extab* .gnu.linkonce.armextab.*)

.ARM            0x0000000008003ff0        0x0
                0x0000000008003ff0                __exidx_start = .
 *(.ARM.exidx*)
                0x0000000008003ff0                __exidx_end = .

.preinit_array  0x0000000008003ff0        0x0
                0x0000000008003ff0                PROVIDE (__preinit_array_start = .)
 *(.preinit_array*)
                0x0000000008003ff0                PROVIDE (__preinit_array_end = .)

.init_array     0x0000000008003ff0        0x4
                0x0000000008003ff0                PROVIDE (__init_array_start = .)
 *(SORT_BY_NAME(.init_array.*))
 *(.init_array*)
 .init_array    0x0000000008003ff0        0x4 c:/users/luisf/appdata/roaming/xpacks/@xpack-dev-tools/arm-none-eabi-gcc/9.3.1-1.4.1/.content/bin/../lib/gcc/arm-none-eabi/9.3.1/thumb/v7-m/nofp/crtbegin.o
                0x0000000008003ff4                PROVIDE (__init_array_end = .)

.fini_array     0x0000000008003ff4        0x4
                0x0000000008003ff4                PROVIDE (__fini_array_start = .)
 *(SORT_BY_NAME(.fini_array.*))
 *(.fini_array*)
 .fini_array    0x0000000008003ff4        0x4 c:/users/luisf/appdata/roaming/xpacks/@xpack-dev-tools/arm-none-eabi-gcc/9.3.1-1.4.1/.content/bin/../lib/gcc/arm-none-eabi/9.3.1/thumb/v7-m/nofp/crtbegin.o
                0x0000000008003ff8                PROVIDE (__fini_array_end = .)
                0x0000000008003ff8                _sidata = LOADADDR (.data)

.data           0x0000000020000000       0x80 load address 0x0000000008003ff8
                0x0000000020000000                . = ALIGN (0x4)
                0x0000000020000000                _sdata = .
 *(.data)
 *(.data*)
 .data.xFreeBytesRemaining
                0x0000000020000000        0x4 ./FreeRTOS/Source/portable/GCC/MemMang/heap_2.o
 .data.uxCriticalNesting
                0x0000000020000004        0x4 ./FreeRTOS/Source/portable/GCC/ARM_CM3/port.o
 .data.GPIO_PORT
                0x0000000020000008       0x10 ./stm32f4_discovery.o
                0x0000000020000008                GPIO_PORT
 .data.SystemCoreClock
                0x0000000020000018        0x4 ./system_stm32f4xx.o
                0x0000000020000018                SystemCoreClock
 .data._impure_ptr
                0x000000002000001c        0x4 c:/users/luisf/appdata/roaming/xpacks/@xpack-dev-tools/arm-none-eabi-gcc/9.3.1-1.4.1/.content/bin/../lib/gcc/arm-none-eabi/9.3.1/../../../../arm-none-eabi/lib/thumb/v7-m/nofp\libg_nano.a(lib_a-impure.o)
                0x000000002000001c                _impure_ptr
 .data.impure_data
                0x0000000020000020       0x60 c:/users/luisf/appdata/roaming/xpacks/@xpack-dev-tools/arm-none-eabi-gcc/9.3.1-1.4.1/.content/bin/../lib/gcc/arm-none-eabi/9.3.1/../../../../arm-none-eabi/lib/thumb/v7-m/nofp\libg_nano.a(lib_a-impure.o)
                0x0000000020000080                . = ALIGN (0x4)
                0x0000000020000080                _edata = .
                0x0000000008004078                _siccmram = LOADADDR (.ccmram)

.igot.plt       0x0000000020000080        0x0 load address 0x0000000008004078
 .igot.plt      0x0000000020000080        0x0 c:/users/luisf/appdata/roaming/xpacks/@xpack-dev-tools/arm-none-eabi-gcc/9.3.1-1.4.1/.content/bin/../lib/gcc/arm-none-eabi/9.3.1/thumb/v7-m/nofp/crtbegin.o

.ccmram         0x0000000010000000        0x0 load address 0x0000000008004078
                0x0000000010000000                . = ALIGN (0x4)
                0x0000000010000000                _sccmram = .
 *(.ccmram)
 *(.ccmram*)
                0x0000000010000000                . = ALIGN (0x4)
                0x0000000010000000                _eccmram = .
                0x0000000010000000                . = ALIGN (0x4)

.bss            0x0000000020000080    0x131e4
                0x0000000020000080                _sbss = .
                0x0000000020000080                __bss_start__ = _sbss
 *(.bss)
 *(.bss*)
 .bss.completed.8914
                0x0000000020000080        0x1 c:/users/luisf/appdata/roaming/xpacks/@xpack-dev-tools/arm-none-eabi-gcc/9.3.1-1.4.1/.content/bin/../lib/gcc/arm-none-eabi/9.3.1/thumb/v7-m/nofp/crtbegin.o
 *fill*         0x0000000020000081        0x3 
 .bss.object.8919
                0x0000000020000084       0x18 c:/users/luisf/appdata/roaming/xpacks/@xpack-dev-tools/arm-none-eabi-gcc/9.3.1-1.4.1/.content/bin/../lib/gcc/arm-none-eabi/9.3.1/thumb/v7-m/nofp/crtbegin.o
 .bss.current_heap_end.4485
                0x000000002000009c        0x4 ./system/src/newlib/_sbrk.o
 .bss.buf.5729  0x00000000200000a0       0x80 ./system/src/diag/Trace.o
 .bss.ucHeap    0x0000000020000120    0x12c00 ./FreeRTOS/Source/portable/GCC/MemMang/heap_2.o
 .bss.xStart    0x0000000020012d20        0x8 ./FreeRTOS/Source/portable/GCC/MemMang/heap_2.o
 .bss.xEnd      0x0000000020012d28        0x8 ./FreeRTOS/Source/portable/GCC/MemMang/heap_2.o
 .bss.xHeapHasBeenInitialised.5211
                0x0000000020012d30        0x4 ./FreeRTOS/Source/portable/GCC/MemMang/heap_2.o
 .bss.ucMaxSysCallPriority
                0x0000000020012d34        0x1 ./FreeRTOS/Source/portable/GCC/ARM_CM3/port.o
 *fill*         0x0000000020012d35        0x3 
 .bss.ulMaxPRIGROUPValue
                0x0000000020012d38        0x4 ./FreeRTOS/Source/portable/GCC/ARM_CM3/port.o
 .bss.pxCurrentTCB
                0x0000000020012d3c        0x4 ./FreeRTOS/Source/tasks.o
                0x0000000020012d3c                pxCurrentTCB
 .bss.pxReadyTasksLists
                0x0000000020012d40       0x64 ./FreeRTOS/Source/tasks.o
 .bss.xDelayedTaskList1
                0x0000000020012da4       0x14 ./FreeRTOS/Source/tasks.o
 .bss.xDelayedTaskList2
                0x0000000020012db8       0x14 ./FreeRTOS/Source/tasks.o
 .bss.pxDelayedTaskList
                0x0000000020012dcc        0x4 ./FreeRTOS/Source/tasks.o
 .bss.pxOverflowDelayedTaskList
                0x0000000020012dd0        0x4 ./FreeRTOS/Source/tasks.o
 .bss.xPendingReadyList
                0x0000000020012dd4       0x14 ./FreeRTOS/Source/tasks.o
 .bss.xTasksWaitingTermination
                0x0000000020012de8       0x14 ./FreeRTOS/Source/tasks.o
 .bss.uxDeletedTasksWaitingCleanUp
                0x0000000020012dfc        0x4 ./FreeRTOS/Source/tasks.o
 .bss.xSuspendedTaskList
                0x0000000020012e00       0x14 ./FreeRTOS/Source/tasks.o
 .bss.uxCurrentNumberOfTasks
                0x0000000020012e14        0x4 ./FreeRTOS/Source/tasks.o
 .bss.xTickCount
                0x0000000020012e18        0x4 ./FreeRTOS/Source/tasks.o
 .bss.uxTopReadyPriority
                0x0000000020012e1c        0x4 ./FreeRTOS/Source/tasks.o
 .bss.xSchedulerRunning
                0x0000000020012e20        0x4 ./FreeRTOS/Source/tasks.o
 .bss.xPendedTicks
                0x0000000020012e24        0x4 ./FreeRTOS/Source/tasks.o
 .bss.xYieldPending
                0x0000000020012e28        0x4 ./FreeRTOS/Source/tasks.o
 .bss.xNumOfOverflows
                0x0000000020012e2c        0x4 ./FreeRTOS/Source/tasks.o
 .bss.uxTaskNumber
                0x0000000020012e30        0x4 ./FreeRTOS/Source/tasks.o
 .bss.xNextTaskUnblockTime
                0x0000000020012e34        0x4 ./FreeRTOS/Source/tasks.o
 .bss.xIdleTaskHandle
                0x0000000020012e38        0x4 ./FreeRTOS/Source/tasks.o
 .bss.uxSchedulerSuspended
                0x0000000020012e3c        0x4 ./FreeRTOS/Source/tasks.o
 .bss.xActiveTimerList1
                0x0000000020012e40       0x14 ./FreeRTOS/Source/timers.o
 .bss.xActiveTimerList2
                0x0000000020012e54       0x14 ./FreeRTOS/Source/timers.o
 .bss.pxCurrentTimerList
                0x0000000020012e68        0x4 ./FreeRTOS/Source/timers.o
 .bss.pxOverflowTimerList
                0x0000000020012e6c        0x4 ./FreeRTOS/Source/timers.o
 .bss.xTimerQueue
                0x0000000020012e70        0x4 ./FreeRTOS/Source/timers.o
 .bss.xTimerTaskHandle
                0x0000000020012e74        0x4 ./FreeRTOS/Source/timers.o
 .bss.xLastTime.5523
                0x0000000020012e78        0x4 ./FreeRTOS/Source/timers.o
 .bss.xSystemStartTime
                0x0000000020012e7c        0x4 ./ESFree/scheduler.o
 .bss.xTCBArray
                0x0000000020012e80      0x2a8 ./ESFree/scheduler.o
 .bss.xTaskCounter
                0x0000000020013128        0x4 ./ESFree/scheduler.o
 .bss.xSchedulerHandle
                0x000000002001312c        0x4 ./ESFree/scheduler.o
 .bss.xAJCBFifo
                0x0000000020013130       0x50 ./ESFree/scheduler.o
 .bss.xAJCBFifoHead
                0x0000000020013180        0x4 ./ESFree/scheduler.o
 .bss.uxAperiodicJobCounter
                0x0000000020013184        0x4 ./ESFree/scheduler.o
 .bss.xSJCBFifo
                0x0000000020013188       0x60 ./ESFree/scheduler.o
 .bss.xSJCBFifoHead
                0x00000000200131e8        0x4 ./ESFree/scheduler.o
 .bss.uxSporadicJobCounter
                0x00000000200131ec        0x4 ./ESFree/scheduler.o
 .bss.xAbsolutePreviousMaxResponseTime
                0x00000000200131f0        0x4 ./ESFree/scheduler.o
 .bss.xPollingServerHandle
                0x00000000200131f4        0x4 ./ESFree/scheduler.o
 .bss.pxCurrentAperiodicJob
                0x00000000200131f8        0x4 ./ESFree/scheduler.o
 .bss.pxCurrentSporadicJob
                0x00000000200131fc        0x4 ./ESFree/scheduler.o
 .bss.xHandle1  0x0000000020013200        0x4 ./sched_FreeRTOS_qemu.o
                0x0000000020013200                xHandle1
 .bss.xHandle2  0x0000000020013204        0x4 ./sched_FreeRTOS_qemu.o
                0x0000000020013204                xHandle2
 .bss.xHandle3  0x0000000020013208        0x4 ./sched_FreeRTOS_qemu.o
                0x0000000020013208                xHandle3
 .bss.__malloc_free_list
                0x000000002001320c        0x4 c:/users/luisf/appdata/roaming/xpacks/@xpack-dev-tools/arm-none-eabi-gcc/9.3.1-1.4.1/.content/bin/../lib/gcc/arm-none-eabi/9.3.1/../../../../arm-none-eabi/lib/thumb/v7-m/nofp\libg_nano.a(lib_a-nano-mallocr.o)
                0x000000002001320c                __malloc_free_list
 .bss.__malloc_sbrk_start
                0x0000000020013210        0x4 c:/users/luisf/appdata/roaming/xpacks/@xpack-dev-tools/arm-none-eabi-gcc/9.3.1-1.4.1/.content/bin/../lib/gcc/arm-none-eabi/9.3.1/../../../../arm-none-eabi/lib/thumb/v7-m/nofp\libg_nano.a(lib_a-nano-mallocr.o)
                0x0000000020013210                __malloc_sbrk_start
 *(COMMON)
 COMMON         0x0000000020013214        0x4 ./system/src/newlib/_syscalls.o
                0x0000000020013214                errno
 COMMON         0x0000000020013218       0x40 ./FreeRTOS/Source/queue.o
                0x0000000020013218                xQueueRegistry
 COMMON         0x0000000020013258        0x9 c:/users/luisf/appdata/roaming/xpacks/@xpack-dev-tools/arm-none-eabi-gcc/9.3.1-1.4.1/.content/bin/../lib/gcc/arm-none-eabi/9.3.1/../../../../arm-none-eabi/lib/thumb/v7-m/nofp\libg_nano.a(lib_a-lock.o)
                0x0000000020013258                __lock___atexit_recursive_mutex
                0x0000000020013259                __lock___arc4random_mutex
                0x000000002001325a                __lock___env_recursive_mutex
                0x000000002001325b                __lock___sinit_recursive_mutex
                0x000000002001325c                __lock___malloc_recursive_mutex
                0x000000002001325d                __lock___at_quick_exit_mutex
                0x000000002001325e                __lock___dd_hash_mutex
                0x000000002001325f                __lock___tz_mutex
                0x0000000020013260                __lock___sfp_recursive_mutex
                0x0000000020013264                . = ALIGN (0x4)
 *fill*         0x0000000020013261        0x3 
                0x0000000020013264                _ebss = .
                0x0000000020013264                __bss_end__ = _ebss

.noinit         0x0000000020013264        0x0
                0x0000000020013264                _noinit = .
 *(.noinit .noinit.*)
                0x0000000020013264                . = ALIGN (0x4)
                0x0000000020013264                _end_noinit = .
                [!provide]                        PROVIDE (end = _end_noinit)
                [!provide]                        PROVIDE (_end = _end_noinit)
                [!provide]                        PROVIDE (__end = _end_noinit)
                [!provide]                        PROVIDE (__end__ = _end_noinit)

._user_heap_stack
                0x0000000020013264      0x600
                0x0000000020013264                . = ALIGN (0x4)
                [!provide]                        PROVIDE (end = .)
                [!provide]                        PROVIDE (_end = .)
                0x0000000020013464                . = (. + _Min_Heap_Size)
 *fill*         0x0000000020013264      0x200 
                0x0000000020013864                . = (. + _Min_Stack_Size)
 *fill*         0x0000000020013464      0x400 
                0x0000000020013864                . = ALIGN (0x4)

/DISCARD/
 libc.a(*)
 libm.a(*)
 libgcc.a(*)

.ARM.attributes
                0x0000000000000000       0x2f
 *(.ARM.attributes)
 .ARM.attributes
                0x0000000000000000       0x1d c:/users/luisf/appdata/roaming/xpacks/@xpack-dev-tools/arm-none-eabi-gcc/9.3.1-1.4.1/.content/bin/../lib/gcc/arm-none-eabi/9.3.1/thumb/v7-m/nofp/crti.o
 .ARM.attributes
                0x000000000000001d       0x2d c:/users/luisf/appdata/roaming/xpacks/@xpack-dev-tools/arm-none-eabi-gcc/9.3.1-1.4.1/.content/bin/../lib/gcc/arm-none-eabi/9.3.1/thumb/v7-m/nofp/crtbegin.o
 .ARM.attributes
                0x000000000000004a       0x2d ./system/src/newlib/_sbrk.o
 .ARM.attributes
                0x0000000000000077       0x2d ./system/src/newlib/_syscalls.o
 .ARM.attributes
                0x00000000000000a4       0x2d ./system/src/diag/Trace.o
 .ARM.attributes
                0x00000000000000d1       0x2d ./system/src/diag/trace_impl.o
 .ARM.attributes
                0x00000000000000fe       0x2d ./Libraries/STM32F4xx_HAL_Driver/Src/stm32f4xx_hal_gpio.o
 .ARM.attributes
                0x000000000000012b       0x2d ./FreeRTOS/Source/portable/GCC/MemMang/heap_2.o
 .ARM.attributes
                0x0000000000000158       0x2d ./FreeRTOS/Source/portable/GCC/ARM_CM3/port.o
 .ARM.attributes
                0x0000000000000185       0x2d ./FreeRTOS/Source/list.o
 .ARM.attributes
                0x00000000000001b2       0x2d ./FreeRTOS/Source/queue.o
 .ARM.attributes
                0x00000000000001df       0x2d ./FreeRTOS/Source/tasks.o
 .ARM.attributes
                0x000000000000020c       0x2d ./FreeRTOS/Source/timers.o
 .ARM.attributes
                0x0000000000000239       0x2d ./ESFree/scheduler.o
 .ARM.attributes
                0x0000000000000266       0x2d ./sched_FreeRTOS_qemu.o
 .ARM.attributes
                0x0000000000000293       0x21 ./startup_stm32f407xx.o
 .ARM.attributes
                0x00000000000002b4       0x2d ./stm32f4_discovery.o
 .ARM.attributes
                0x00000000000002e1       0x2d ./system_stm32f4xx.o
 .ARM.attributes
                0x000000000000030e       0x2d c:/users/luisf/appdata/roaming/xpacks/@xpack-dev-tools/arm-none-eabi-gcc/9.3.1-1.4.1/.content/bin/../lib/gcc/arm-none-eabi/9.3.1/../../../../arm-none-eabi/lib/thumb/v7-m/nofp\libg_nano.a(lib_a-errno.o)
 .ARM.attributes
                0x000000000000033b       0x2d c:/users/luisf/appdata/roaming/xpacks/@xpack-dev-tools/arm-none-eabi-gcc/9.3.1-1.4.1/.content/bin/../lib/gcc/arm-none-eabi/9.3.1/../../../../arm-none-eabi/lib/thumb/v7-m/nofp\libg_nano.a(lib_a-impure.o)
 .ARM.attributes
                0x0000000000000368       0x2d c:/users/luisf/appdata/roaming/xpacks/@xpack-dev-tools/arm-none-eabi-gcc/9.3.1-1.4.1/.content/bin/../lib/gcc/arm-none-eabi/9.3.1/../../../../arm-none-eabi/lib/thumb/v7-m/nofp\libg_nano.a(lib_a-init.o)
 .ARM.attributes
                0x0000000000000395       0x2d c:/users/luisf/appdata/roaming/xpacks/@xpack-dev-tools/arm-none-eabi-gcc/9.3.1-1.4.1/.content/bin/../lib/gcc/arm-none-eabi/9.3.1/../../../../arm-none-eabi/lib/thumb/v7-m/nofp\libg_nano.a(lib_a-memcpy-stub.o)
 .ARM.attributes
                0x00000000000003c2       0x2d c:/users/luisf/appdata/roaming/xpacks/@xpack-dev-tools/arm-none-eabi-gcc/9.3.1-1.4.1/.content/bin/../lib/gcc/arm-none-eabi/9.3.1/../../../../arm-none-eabi/lib/thumb/v7-m/nofp\libg_nano.a(lib_a-memset.o)
 .ARM.attributes
                0x00000000000003ef       0x2d c:/users/luisf/appdata/roaming/xpacks/@xpack-dev-tools/arm-none-eabi-gcc/9.3.1-1.4.1/.content/bin/../lib/gcc/arm-none-eabi/9.3.1/../../../../arm-none-eabi/lib/thumb/v7-m/nofp\libg_nano.a(lib_a-vsnprintf.o)
 .ARM.attributes
                0x000000000000041c       0x2d c:/users/luisf/appdata/roaming/xpacks/@xpack-dev-tools/arm-none-eabi-gcc/9.3.1-1.4.1/.content/bin/../lib/gcc/arm-none-eabi/9.3.1/../../../../arm-none-eabi/lib/thumb/v7-m/nofp\libg_nano.a(lib_a-nano-svfprintf.o)
 .ARM.attributes
                0x0000000000000449       0x2d c:/users/luisf/appdata/roaming/xpacks/@xpack-dev-tools/arm-none-eabi-gcc/9.3.1-1.4.1/.content/bin/../lib/gcc/arm-none-eabi/9.3.1/../../../../arm-none-eabi/lib/thumb/v7-m/nofp\libg_nano.a(lib_a-nano-vfprintf_i.o)
 .ARM.attributes
                0x0000000000000476       0x2d c:/users/luisf/appdata/roaming/xpacks/@xpack-dev-tools/arm-none-eabi-gcc/9.3.1-1.4.1/.content/bin/../lib/gcc/arm-none-eabi/9.3.1/../../../../arm-none-eabi/lib/thumb/v7-m/nofp\libg_nano.a(lib_a-memchr-stub.o)
 .ARM.attributes
                0x00000000000004a3       0x2d c:/users/luisf/appdata/roaming/xpacks/@xpack-dev-tools/arm-none-eabi-gcc/9.3.1-1.4.1/.content/bin/../lib/gcc/arm-none-eabi/9.3.1/../../../../arm-none-eabi/lib/thumb/v7-m/nofp\libg_nano.a(lib_a-memmove.o)
 .ARM.attributes
                0x00000000000004d0       0x2d c:/users/luisf/appdata/roaming/xpacks/@xpack-dev-tools/arm-none-eabi-gcc/9.3.1-1.4.1/.content/bin/../lib/gcc/arm-none-eabi/9.3.1/../../../../arm-none-eabi/lib/thumb/v7-m/nofp\libg_nano.a(lib_a-nano-freer.o)
 .ARM.attributes
                0x00000000000004fd       0x2d c:/users/luisf/appdata/roaming/xpacks/@xpack-dev-tools/arm-none-eabi-gcc/9.3.1-1.4.1/.content/bin/../lib/gcc/arm-none-eabi/9.3.1/../../../../arm-none-eabi/lib/thumb/v7-m/nofp\libg_nano.a(lib_a-nano-mallocr.o)
 .ARM.attributes
                0x000000000000052a       0x2d c:/users/luisf/appdata/roaming/xpacks/@xpack-dev-tools/arm-none-eabi-gcc/9.3.1-1.4.1/.content/bin/../lib/gcc/arm-none-eabi/9.3.1/../../../../arm-none-eabi/lib/thumb/v7-m/nofp\libg_nano.a(lib_a-nano-reallocr.o)
 .ARM.attributes
                0x0000000000000557       0x2d c:/users/luisf/appdata/roaming/xpacks/@xpack-dev-tools/arm-none-eabi-gcc/9.3.1-1.4.1/.content/bin/../lib/gcc/arm-none-eabi/9.3.1/../../../../arm-none-eabi/lib/thumb/v7-m/nofp\libg_nano.a(lib_a-sbrkr.o)
 .ARM.attributes
                0x0000000000000584       0x2d c:/users/luisf/appdata/roaming/xpacks/@xpack-dev-tools/arm-none-eabi-gcc/9.3.1-1.4.1/.content/bin/../lib/gcc/arm-none-eabi/9.3.1/../../../../arm-none-eabi/lib/thumb/v7-m/nofp\libg_nano.a(lib_a-mlock.o)
 .ARM.attributes
                0x00000000000005b1       0x2d c:/users/luisf/appdata/roaming/xpacks/@xpack-dev-tools/arm-none-eabi-gcc/9.3.1-1.4.1/.content/bin/../lib/gcc/arm-none-eabi/9.3.1/../../../../arm-none-eabi/lib/thumb/v7-m/nofp\libg_nano.a(lib_a-nano-msizer.o)
 .ARM.attributes
                0x00000000000005de       0x2d c:/users/luisf/appdata/roaming/xpacks/@xpack-dev-tools/arm-none-eabi-gcc/9.3.1-1.4.1/.content/bin/../lib/gcc/arm-none-eabi/9.3.1/../../../../arm-none-eabi/lib/thumb/v7-m/nofp\libg_nano.a(lib_a-lock.o)
 .ARM.attributes
                0x000000000000060b       0x1d c:/users/luisf/appdata/roaming/xpacks/@xpack-dev-tools/arm-none-eabi-gcc/9.3.1-1.4.1/.content/bin/../lib/gcc/arm-none-eabi/9.3.1/thumb/v7-m/nofp/crtn.o
OUTPUT(sched_FreeRTOS_qemu-main_EX6.elf elf32-littlearm)
LOAD linker stubs
LOAD c:/users/luisf/appdata/roaming/xpacks/@xpack-dev-tools/arm-none-eabi-gcc/9.3.1-1.4.1/.content/bin/../lib/gcc/arm-none-eabi/9.3.1/../../../../arm-none-eabi/lib/thumb/v7-m/nofp\libc.a
LOAD c:/users/luisf/appdata/roaming/xpacks/@xpack-dev-tools/arm-none-eabi-gcc/9.3.1-1.4.1/.content/bin/../lib/gcc/arm-none-eabi/9.3.1/../../../../arm-none-eabi/lib/thumb/v7-m/nofp\libm.a
LOAD c:/users/luisf/appdata/roaming/xpacks/@xpack-dev-tools/arm-none-eabi-gcc/9.3.1-1.4.1/.content/bin/../lib/gcc/arm-none-eabi/9.3.1/thumb/v7-m/nofp\libgcc.a

.debug_info     0x0000000000000000     0xda74
 .debug_info    0x0000000000000000      0x9b1 ./system/src/newlib/_sbrk.o
 .debug_info    0x00000000000009b1     0x11cc ./system/src/newlib/_syscalls.o
 .debug_info    0x0000000000001b7d      0xaa4 ./system/src/diag/Trace.o
 .debug_info    0x0000000000002621      0x3d5 ./system/src/diag/trace_impl.o
 .debug_info    0x00000000000029f6      0x7d7 ./Libraries/STM32F4xx_HAL_Driver/Src/stm32f4xx_hal_gpio.o
 .debug_info    0x00000000000031cd      0xbf4 ./FreeRTOS/Source/portable/GCC/MemMang/heap_2.o
 .debug_info    0x0000000000003dc1      0x501 ./FreeRTOS/Source/portable/GCC/ARM_CM3/port.o
 .debug_info    0x00000000000042c2      0xbe1 ./FreeRTOS/Source/list.o
 .debug_info    0x0000000000004ea3     0x2003 ./FreeRTOS/Source/queue.o
 .debug_info    0x0000000000006ea6     0x2a78 ./FreeRTOS/Source/tasks.o
 .debug_info    0x000000000000991e     0x15ae ./FreeRTOS/Source/timers.o
 .debug_info    0x000000000000aecc      0xc99 ./ESFree/scheduler.o
 .debug_info    0x000000000000bb65      0x423 ./sched_FreeRTOS_qemu.o
 .debug_info    0x000000000000bf88       0x22 ./startup_stm32f407xx.o
 .debug_info    0x000000000000bfaa     0x157d ./stm32f4_discovery.o
 .debug_info    0x000000000000d527      0x54d ./system_stm32f4xx.o

.debug_abbrev   0x0000000000000000     0x23dc
 .debug_abbrev  0x0000000000000000      0x1fb ./system/src/newlib/_sbrk.o
 .debug_abbrev  0x00000000000001fb      0x2c0 ./system/src/newlib/_syscalls.o
 .debug_abbrev  0x00000000000004bb      0x256 ./system/src/diag/Trace.o
 .debug_abbrev  0x0000000000000711      0x1db ./system/src/diag/trace_impl.o
 .debug_abbrev  0x00000000000008ec      0x1f1 ./Libraries/STM32F4xx_HAL_Driver/Src/stm32f4xx_hal_gpio.o
 .debug_abbrev  0x0000000000000add      0x296 ./FreeRTOS/Source/portable/GCC/MemMang/heap_2.o
 .debug_abbrev  0x0000000000000d73      0x241 ./FreeRTOS/Source/portable/GCC/ARM_CM3/port.o
 .debug_abbrev  0x0000000000000fb4      0x235 ./FreeRTOS/Source/list.o
 .debug_abbrev  0x00000000000011e9      0x371 ./FreeRTOS/Source/queue.o
 .debug_abbrev  0x000000000000155a      0x3d6 ./FreeRTOS/Source/tasks.o
 .debug_abbrev  0x0000000000001930      0x33b ./FreeRTOS/Source/timers.o
 .debug_abbrev  0x0000000000001c6b      0x21b ./ESFree/scheduler.o
 .debug_abbrev  0x0000000000001e86      0x16b ./sched_FreeRTOS_qemu.o
 .debug_abbrev  0x0000000000001ff1       0x12 ./startup_stm32f407xx.o
 .debug_abbrev  0x0000000000002003      0x2b0 ./stm32f4_discovery.o
 .debug_abbrev  0x00000000000022b3      0x129 ./system_stm32f4xx.o

.debug_aranges  0x0000000000000000      0x8f0
 .debug_aranges
                0x0000000000000000       0x20 ./system/src/newlib/_sbrk.o
 .debug_aranges
                0x0000000000000020       0xd0 ./system/src/newlib/_syscalls.o
 .debug_aranges
                0x00000000000000f0       0x38 ./system/src/diag/Trace.o
 .debug_aranges
                0x0000000000000128       0x30 ./system/src/diag/trace_impl.o
 .debug_aranges
                0x0000000000000158       0x58 ./Libraries/STM32F4xx_HAL_Driver/Src/stm32f4xx_hal_gpio.o
 .debug_aranges
                0x00000000000001b0       0x40 ./FreeRTOS/Source/portable/GCC/MemMang/heap_2.o
 .debug_aranges
                0x00000000000001f0       0x78 ./FreeRTOS/Source/portable/GCC/ARM_CM3/port.o
 .debug_aranges
                0x0000000000000268       0x40 ./FreeRTOS/Source/list.o
 .debug_aranges
                0x00000000000002a8      0x130 ./FreeRTOS/Source/queue.o
 .debug_aranges
                0x00000000000003d8      0x210 ./FreeRTOS/Source/tasks.o
 .debug_aranges
                0x00000000000005e8       0xd8 ./FreeRTOS/Source/timers.o
 .debug_aranges
                0x00000000000006c0       0xe0 ./ESFree/scheduler.o
 .debug_aranges
                0x00000000000007a0       0x28 ./sched_FreeRTOS_qemu.o
 .debug_aranges
                0x00000000000007c8       0x28 ./startup_stm32f407xx.o
 .debug_aranges
                0x00000000000007f0       0xd8 ./stm32f4_discovery.o
 .debug_aranges
                0x00000000000008c8       0x28 ./system_stm32f4xx.o

.debug_ranges   0x0000000000000000      0x810
 .debug_ranges  0x0000000000000000       0x10 ./system/src/newlib/_sbrk.o
 .debug_ranges  0x0000000000000010       0xc0 ./system/src/newlib/_syscalls.o
 .debug_ranges  0x00000000000000d0       0x28 ./system/src/diag/Trace.o
 .debug_ranges  0x00000000000000f8       0x20 ./system/src/diag/trace_impl.o
 .debug_ranges  0x0000000000000118       0x48 ./Libraries/STM32F4xx_HAL_Driver/Src/stm32f4xx_hal_gpio.o
 .debug_ranges  0x0000000000000160       0x30 ./FreeRTOS/Source/portable/GCC/MemMang/heap_2.o
 .debug_ranges  0x0000000000000190       0x68 ./FreeRTOS/Source/portable/GCC/ARM_CM3/port.o
 .debug_ranges  0x00000000000001f8       0x30 ./FreeRTOS/Source/list.o
 .debug_ranges  0x0000000000000228      0x120 ./FreeRTOS/Source/queue.o
 .debug_ranges  0x0000000000000348      0x200 ./FreeRTOS/Source/tasks.o
 .debug_ranges  0x0000000000000548       0xc8 ./FreeRTOS/Source/timers.o
 .debug_ranges  0x0000000000000610       0xe8 ./ESFree/scheduler.o
 .debug_ranges  0x00000000000006f8       0x18 ./sched_FreeRTOS_qemu.o
 .debug_ranges  0x0000000000000710       0x20 ./startup_stm32f407xx.o
 .debug_ranges  0x0000000000000730       0xc8 ./stm32f4_discovery.o
 .debug_ranges  0x00000000000007f8       0x18 ./system_stm32f4xx.o

.debug_macro    0x0000000000000000    0x20b3b
 .debug_macro   0x0000000000000000      0x163 ./system/src/newlib/_sbrk.o
 .debug_macro   0x0000000000000163      0x174 ./system/src/newlib/_sbrk.o
 .debug_macro   0x00000000000002d7       0x10 ./system/src/newlib/_sbrk.o
 .debug_macro   0x00000000000002e7      0x23b ./system/src/newlib/_sbrk.o
 .debug_macro   0x0000000000000522      0x220 ./system/src/newlib/_syscalls.o
 .debug_macro   0x0000000000000742       0x1c ./system/src/newlib/_syscalls.o
 .debug_macro   0x000000000000075e       0x10 ./system/src/newlib/_syscalls.o
 .debug_macro   0x000000000000076e       0x10 ./system/src/newlib/_syscalls.o
 .debug_macro   0x000000000000077e       0x10 ./system/src/newlib/_syscalls.o
 .debug_macro   0x000000000000078e       0x35 ./system/src/newlib/_syscalls.o
 .debug_macro   0x00000000000007c3      0x12c ./system/src/newlib/_syscalls.o
 .debug_macro   0x00000000000008ef       0xce ./system/src/newlib/_syscalls.o
 .debug_macro   0x00000000000009bd       0x7c ./system/src/newlib/_syscalls.o
 .debug_macro   0x0000000000000a39       0x17 ./system/src/newlib/_syscalls.o
 .debug_macro   0x0000000000000a50      0x118 ./system/src/newlib/_syscalls.o
 .debug_macro   0x0000000000000b68      0x189 ./system/src/newlib/_syscalls.o
 .debug_macro   0x0000000000000cf1       0x16 ./system/src/newlib/_syscalls.o
 .debug_macro   0x0000000000000d07      0x1f5 ./system/src/diag/Trace.o
 .debug_macro   0x0000000000000efc       0x16 ./system/src/diag/Trace.o
 .debug_macro   0x0000000000000f12       0x97 ./system/src/diag/Trace.o
 .debug_macro   0x0000000000000fa9       0xfd ./system/src/diag/Trace.o
 .debug_macro   0x00000000000010a6       0x10 ./system/src/diag/Trace.o
 .debug_macro   0x00000000000010b6       0x16 ./system/src/diag/Trace.o
 .debug_macro   0x00000000000010cc      0x16f ./system/src/diag/Trace.o
 .debug_macro   0x000000000000123b       0x4c ./system/src/diag/Trace.o
 .debug_macro   0x0000000000001287       0x16 ./system/src/diag/Trace.o
 .debug_macro   0x000000000000129d      0x2e7 ./system/src/diag/trace_impl.o
 .debug_macro   0x0000000000001584       0x32 ./system/src/diag/trace_impl.o
 .debug_macro   0x00000000000015b6       0x2f ./system/src/diag/trace_impl.o
 .debug_macro   0x00000000000015e5       0x1c ./system/src/diag/trace_impl.o
 .debug_macro   0x0000000000001601       0x22 ./system/src/diag/trace_impl.o
 .debug_macro   0x0000000000001623       0xc3 ./system/src/diag/trace_impl.o
 .debug_macro   0x00000000000016e6     0x102d ./system/src/diag/trace_impl.o
 .debug_macro   0x0000000000002713      0x11f ./system/src/diag/trace_impl.o
 .debug_macro   0x0000000000002832    0x15e43 ./system/src/diag/trace_impl.o
 .debug_macro   0x0000000000018675       0x43 ./system/src/diag/trace_impl.o
 .debug_macro   0x00000000000186b8      0x2bb ./system/src/diag/trace_impl.o
 .debug_macro   0x0000000000018973     0x35d4 ./system/src/diag/trace_impl.o
 .debug_macro   0x000000000001bf47       0x5a ./system/src/diag/trace_impl.o
 .debug_macro   0x000000000001bfa1      0x96b ./system/src/diag/trace_impl.o
 .debug_macro   0x000000000001c90c      0x9fe ./system/src/diag/trace_impl.o
 .debug_macro   0x000000000001d30a      0x117 ./system/src/diag/trace_impl.o
 .debug_macro   0x000000000001d421      0x13e ./system/src/diag/trace_impl.o
 .debug_macro   0x000000000001d55f       0x27 ./system/src/diag/trace_impl.o
 .debug_macro   0x000000000001d586      0x287 ./system/src/diag/trace_impl.o
 .debug_macro   0x000000000001d80d       0x5f ./system/src/diag/trace_impl.o
 .debug_macro   0x000000000001d86c      0x236 ./system/src/diag/trace_impl.o
 .debug_macro   0x000000000001daa2      0x12c ./system/src/diag/trace_impl.o
 .debug_macro   0x000000000001dbce      0x21e ./system/src/diag/trace_impl.o
 .debug_macro   0x000000000001ddec       0x2e ./system/src/diag/trace_impl.o
 .debug_macro   0x000000000001de1a      0x1ae ./system/src/diag/trace_impl.o
 .debug_macro   0x000000000001dfc8       0xd6 ./system/src/diag/trace_impl.o
 .debug_macro   0x000000000001e09e      0x225 ./system/src/diag/trace_impl.o
 .debug_macro   0x000000000001e2c3      0x12d ./system/src/diag/trace_impl.o
 .debug_macro   0x000000000001e3f0       0x10 ./system/src/diag/trace_impl.o
 .debug_macro   0x000000000001e400      0x333 ./system/src/diag/trace_impl.o
 .debug_macro   0x000000000001e733       0x22 ./system/src/diag/trace_impl.o
 .debug_macro   0x000000000001e755      0x1e7 ./Libraries/STM32F4xx_HAL_Driver/Src/stm32f4xx_hal_gpio.o
 .debug_macro   0x000000000001e93c      0x1b5 ./FreeRTOS/Source/portable/GCC/MemMang/heap_2.o
 .debug_macro   0x000000000001eaf1      0x153 ./FreeRTOS/Source/portable/GCC/MemMang/heap_2.o
 .debug_macro   0x000000000001ec44      0x15a ./FreeRTOS/Source/portable/GCC/MemMang/heap_2.o
 .debug_macro   0x000000000001ed9e       0xcf ./FreeRTOS/Source/portable/GCC/MemMang/heap_2.o
 .debug_macro   0x000000000001ee6d       0x1c ./FreeRTOS/Source/portable/GCC/MemMang/heap_2.o
 .debug_macro   0x000000000001ee89       0x26 ./FreeRTOS/Source/portable/GCC/MemMang/heap_2.o
 .debug_macro   0x000000000001eeaf      0x410 ./FreeRTOS/Source/portable/GCC/MemMang/heap_2.o
 .debug_macro   0x000000000001f2bf       0xb5 ./FreeRTOS/Source/portable/GCC/MemMang/heap_2.o
 .debug_macro   0x000000000001f374      0x119 ./FreeRTOS/Source/portable/GCC/MemMang/heap_2.o
 .debug_macro   0x000000000001f48d      0x182 ./FreeRTOS/Source/portable/GCC/ARM_CM3/port.o
 .debug_macro   0x000000000001f60f      0x194 ./FreeRTOS/Source/list.o
 .debug_macro   0x000000000001f7a3      0x218 ./FreeRTOS/Source/queue.o
 .debug_macro   0x000000000001f9bb       0x80 ./FreeRTOS/Source/queue.o
 .debug_macro   0x000000000001fa3b      0x27b ./FreeRTOS/Source/tasks.o
 .debug_macro   0x000000000001fcb6       0x91 ./FreeRTOS/Source/tasks.o
 .debug_macro   0x000000000001fd47       0x10 ./FreeRTOS/Source/tasks.o
 .debug_macro   0x000000000001fd57      0x1dd ./FreeRTOS/Source/timers.o
 .debug_macro   0x000000000001ff34       0x97 ./FreeRTOS/Source/timers.o
 .debug_macro   0x000000000001ffcb      0x216 ./ESFree/scheduler.o
 .debug_macro   0x00000000000201e1       0x88 ./ESFree/scheduler.o
 .debug_macro   0x0000000000020269      0x35c ./sched_FreeRTOS_qemu.o
 .debug_macro   0x00000000000205c5      0x1e1 ./sched_FreeRTOS_qemu.o
 .debug_macro   0x00000000000207a6      0x1de ./stm32f4_discovery.o
 .debug_macro   0x0000000000020984      0x1b7 ./system_stm32f4xx.o

.debug_line     0x0000000000000000     0xa097
 .debug_line    0x0000000000000000      0x3c2 ./system/src/newlib/_sbrk.o
 .debug_line    0x00000000000003c2      0x769 ./system/src/newlib/_syscalls.o
 .debug_line    0x0000000000000b2b      0x4e2 ./system/src/diag/Trace.o
 .debug_line    0x000000000000100d      0x980 ./system/src/diag/trace_impl.o
 .debug_line    0x000000000000198d      0xb49 ./Libraries/STM32F4xx_HAL_Driver/Src/stm32f4xx_hal_gpio.o
 .debug_line    0x00000000000024d6      0x6b9 ./FreeRTOS/Source/portable/GCC/MemMang/heap_2.o
 .debug_line    0x0000000000002b8f      0x7b9 ./FreeRTOS/Source/portable/GCC/ARM_CM3/port.o
 .debug_line    0x0000000000003348      0x653 ./FreeRTOS/Source/list.o
 .debug_line    0x000000000000399b     0x14e5 ./FreeRTOS/Source/queue.o
 .debug_line    0x0000000000004e80     0x1d05 ./FreeRTOS/Source/tasks.o
 .debug_line    0x0000000000006b85      0xbae ./FreeRTOS/Source/timers.o
 .debug_line    0x0000000000007733      0xd06 ./ESFree/scheduler.o
 .debug_line    0x0000000000008439      0xa10 ./sched_FreeRTOS_qemu.o
 .debug_line    0x0000000000008e49       0x77 ./startup_stm32f407xx.o
 .debug_line    0x0000000000008ec0      0xa67 ./stm32f4_discovery.o
 .debug_line    0x0000000000009927      0x770 ./system_stm32f4xx.o

.debug_str      0x0000000000000000    0xcc1c5
 .debug_str     0x0000000000000000     0x6c52 ./system/src/newlib/_sbrk.o
                                       0x6fa2 (size before relaxing)
 .debug_str     0x0000000000006c52     0x1743 ./system/src/newlib/_syscalls.o
                                       0x87a1 (size before relaxing)
 .debug_str     0x0000000000008395     0x1807 ./system/src/diag/Trace.o
                                       0x8348 (size before relaxing)
 .debug_str     0x0000000000009b9c    0xb777e ./system/src/diag/trace_impl.o
                                      0xbdfc0 (size before relaxing)
 .debug_str     0x00000000000c131a      0x3bd ./Libraries/STM32F4xx_HAL_Driver/Src/stm32f4xx_hal_gpio.o
                                      0xbaf37 (size before relaxing)
 .debug_str     0x00000000000c16d7     0x4ac0 ./FreeRTOS/Source/portable/GCC/MemMang/heap_2.o
                                       0xb6ea (size before relaxing)
 .debug_str     0x00000000000c6197      0x759 ./FreeRTOS/Source/portable/GCC/ARM_CM3/port.o
                                       0x8df0 (size before relaxing)
 .debug_str     0x00000000000c68f0      0x12c ./FreeRTOS/Source/list.o
                                       0xa2da (size before relaxing)
 .debug_str     0x00000000000c6a1c      0xff4 ./FreeRTOS/Source/queue.o
                                       0xc4c9 (size before relaxing)
 .debug_str     0x00000000000c7a10     0x1c01 ./FreeRTOS/Source/tasks.o
                                       0xd206 (size before relaxing)
 .debug_str     0x00000000000c9611      0x545 ./FreeRTOS/Source/timers.o
                                       0xc8f9 (size before relaxing)
 .debug_str     0x00000000000c9b56      0x95f ./ESFree/scheduler.o
                                       0xc1da (size before relaxing)
 .debug_str     0x00000000000ca4b5      0xd55 ./sched_FreeRTOS_qemu.o
                                      0xc3454 (size before relaxing)
 .debug_str     0x00000000000cb20a       0x27 ./startup_stm32f407xx.o
                                         0x6d (size before relaxing)
 .debug_str     0x00000000000cb231      0xed9 ./stm32f4_discovery.o
                                      0xbc9b8 (size before relaxing)
 .debug_str     0x00000000000cc10a       0xbb ./system_stm32f4xx.o
                                      0xbaced (size before relaxing)

.comment        0x0000000000000000       0x43
 .comment       0x0000000000000000       0x43 ./system/src/newlib/_sbrk.o
                                         0x44 (size before relaxing)
 .comment       0x0000000000000043       0x44 ./system/src/newlib/_syscalls.o
 .comment       0x0000000000000043       0x44 ./system/src/diag/Trace.o
 .comment       0x0000000000000043       0x44 ./system/src/diag/trace_impl.o
 .comment       0x0000000000000043       0x44 ./Libraries/STM32F4xx_HAL_Driver/Src/stm32f4xx_hal_gpio.o
 .comment       0x0000000000000043       0x44 ./FreeRTOS/Source/portable/GCC/MemMang/heap_2.o
 .comment       0x0000000000000043       0x44 ./FreeRTOS/Source/portable/GCC/ARM_CM3/port.o
 .comment       0x0000000000000043       0x44 ./FreeRTOS/Source/list.o
 .comment       0x0000000000000043       0x44 ./FreeRTOS/Source/queue.o
 .comment       0x0000000000000043       0x44 ./FreeRTOS/Source/tasks.o
 .comment       0x0000000000000043       0x44 ./FreeRTOS/Source/timers.o
 .comment       0x0000000000000043       0x44 ./ESFree/scheduler.o
 .comment       0x0000000000000043       0x44 ./sched_FreeRTOS_qemu.o
 .comment       0x0000000000000043       0x44 ./stm32f4_discovery.o
 .comment       0x0000000000000043       0x44 ./system_stm32f4xx.o

.debug_frame    0x0000000000000000     0x2680
 .debug_frame   0x0000000000000000       0x34 ./system/src/newlib/_sbrk.o
 .debug_frame   0x0000000000000034      0x340 ./system/src/newlib/_syscalls.o
 .debug_frame   0x0000000000000374       0xb8 ./system/src/diag/Trace.o
 .debug_frame   0x000000000000042c       0x7c ./system/src/diag/trace_impl.o
 .debug_frame   0x00000000000004a8      0x14c ./Libraries/STM32F4xx_HAL_Driver/Src/stm32f4xx_hal_gpio.o
 .debug_frame   0x00000000000005f4       0xc0 ./FreeRTOS/Source/portable/GCC/MemMang/heap_2.o
 .debug_frame   0x00000000000006b4      0x198 ./FreeRTOS/Source/portable/GCC/ARM_CM3/port.o
 .debug_frame   0x000000000000084c       0xd8 ./FreeRTOS/Source/list.o
 .debug_frame   0x0000000000000924      0x534 ./FreeRTOS/Source/queue.o
 .debug_frame   0x0000000000000e58      0x90c ./FreeRTOS/Source/tasks.o
 .debug_frame   0x0000000000001764      0x38c ./FreeRTOS/Source/timers.o
 .debug_frame   0x0000000000001af0      0x3a4 ./ESFree/scheduler.o
 .debug_frame   0x0000000000001e94       0x54 ./sched_FreeRTOS_qemu.o
 .debug_frame   0x0000000000001ee8      0x350 ./stm32f4_discovery.o
 .debug_frame   0x0000000000002238       0x58 ./system_stm32f4xx.o
 .debug_frame   0x0000000000002290       0x20 c:/users/luisf/appdata/roaming/xpacks/@xpack-dev-tools/arm-none-eabi-gcc/9.3.1-1.4.1/.content/bin/../lib/gcc/arm-none-eabi/9.3.1/../../../../arm-none-eabi/lib/thumb/v7-m/nofp\libg_nano.a(lib_a-errno.o)
 .debug_frame   0x00000000000022b0       0x2c c:/users/luisf/appdata/roaming/xpacks/@xpack-dev-tools/arm-none-eabi-gcc/9.3.1-1.4.1/.content/bin/../lib/gcc/arm-none-eabi/9.3.1/../../../../arm-none-eabi/lib/thumb/v7-m/nofp\libg_nano.a(lib_a-init.o)
 .debug_frame   0x00000000000022dc       0x28 c:/users/luisf/appdata/roaming/xpacks/@xpack-dev-tools/arm-none-eabi-gcc/9.3.1-1.4.1/.content/bin/../lib/gcc/arm-none-eabi/9.3.1/../../../../arm-none-eabi/lib/thumb/v7-m/nofp\libg_nano.a(lib_a-memcpy-stub.o)
 .debug_frame   0x0000000000002304       0x20 c:/users/luisf/appdata/roaming/xpacks/@xpack-dev-tools/arm-none-eabi-gcc/9.3.1-1.4.1/.content/bin/../lib/gcc/arm-none-eabi/9.3.1/../../../../arm-none-eabi/lib/thumb/v7-m/nofp\libg_nano.a(lib_a-memset.o)
 .debug_frame   0x0000000000002324       0x4c c:/users/luisf/appdata/roaming/xpacks/@xpack-dev-tools/arm-none-eabi-gcc/9.3.1-1.4.1/.content/bin/../lib/gcc/arm-none-eabi/9.3.1/../../../../arm-none-eabi/lib/thumb/v7-m/nofp\libg_nano.a(lib_a-vsnprintf.o)
 .debug_frame   0x0000000000002370       0x90 c:/users/luisf/appdata/roaming/xpacks/@xpack-dev-tools/arm-none-eabi-gcc/9.3.1-1.4.1/.content/bin/../lib/gcc/arm-none-eabi/9.3.1/../../../../arm-none-eabi/lib/thumb/v7-m/nofp\libg_nano.a(lib_a-nano-svfprintf.o)
 .debug_frame   0x0000000000002400       0x60 c:/users/luisf/appdata/roaming/xpacks/@xpack-dev-tools/arm-none-eabi-gcc/9.3.1-1.4.1/.content/bin/../lib/gcc/arm-none-eabi/9.3.1/../../../../arm-none-eabi/lib/thumb/v7-m/nofp\libg_nano.a(lib_a-nano-vfprintf_i.o)
 .debug_frame   0x0000000000002460       0x28 c:/users/luisf/appdata/roaming/xpacks/@xpack-dev-tools/arm-none-eabi-gcc/9.3.1-1.4.1/.content/bin/../lib/gcc/arm-none-eabi/9.3.1/../../../../arm-none-eabi/lib/thumb/v7-m/nofp\libg_nano.a(lib_a-memchr-stub.o)
 .debug_frame   0x0000000000002488       0x28 c:/users/luisf/appdata/roaming/xpacks/@xpack-dev-tools/arm-none-eabi-gcc/9.3.1-1.4.1/.content/bin/../lib/gcc/arm-none-eabi/9.3.1/../../../../arm-none-eabi/lib/thumb/v7-m/nofp\libg_nano.a(lib_a-memmove.o)
 .debug_frame   0x00000000000024b0       0x38 c:/users/luisf/appdata/roaming/xpacks/@xpack-dev-tools/arm-none-eabi-gcc/9.3.1-1.4.1/.content/bin/../lib/gcc/arm-none-eabi/9.3.1/../../../../arm-none-eabi/lib/thumb/v7-m/nofp\libg_nano.a(lib_a-nano-freer.o)
 .debug_frame   0x00000000000024e8       0x30 c:/users/luisf/appdata/roaming/xpacks/@xpack-dev-tools/arm-none-eabi-gcc/9.3.1-1.4.1/.content/bin/../lib/gcc/arm-none-eabi/9.3.1/../../../../arm-none-eabi/lib/thumb/v7-m/nofp\libg_nano.a(lib_a-nano-mallocr.o)
 .debug_frame   0x0000000000002518       0x3c c:/users/luisf/appdata/roaming/xpacks/@xpack-dev-tools/arm-none-eabi-gcc/9.3.1-1.4.1/.content/bin/../lib/gcc/arm-none-eabi/9.3.1/../../../../arm-none-eabi/lib/thumb/v7-m/nofp\libg_nano.a(lib_a-nano-reallocr.o)
 .debug_frame   0x0000000000002554       0x2c c:/users/luisf/appdata/roaming/xpacks/@xpack-dev-tools/arm-none-eabi-gcc/9.3.1-1.4.1/.content/bin/../lib/gcc/arm-none-eabi/9.3.1/../../../../arm-none-eabi/lib/thumb/v7-m/nofp\libg_nano.a(lib_a-sbrkr.o)
 .debug_frame   0x0000000000002580       0x30 c:/users/luisf/appdata/roaming/xpacks/@xpack-dev-tools/arm-none-eabi-gcc/9.3.1-1.4.1/.content/bin/../lib/gcc/arm-none-eabi/9.3.1/../../../../arm-none-eabi/lib/thumb/v7-m/nofp\libg_nano.a(lib_a-mlock.o)
 .debug_frame   0x00000000000025b0       0x20 c:/users/luisf/appdata/roaming/xpacks/@xpack-dev-tools/arm-none-eabi-gcc/9.3.1-1.4.1/.content/bin/../lib/gcc/arm-none-eabi/9.3.1/../../../../arm-none-eabi/lib/thumb/v7-m/nofp\libg_nano.a(lib_a-nano-msizer.o)
 .debug_frame   0x00000000000025d0       0xb0 c:/users/luisf/appdata/roaming/xpacks/@xpack-dev-tools/arm-none-eabi-gcc/9.3.1-1.4.1/.content/bin/../lib/gcc/arm-none-eabi/9.3.1/../../../../arm-none-eabi/lib/thumb/v7-m/nofp\libg_nano.a(lib_a-lock.o)
